Archive member included because of file (symbol)

./mbed/TARGET_LPC1768/TOOLCHAIN_GCC_ARM\libmbed.a(serial_api.o)
                              mbed/TARGET_LPC1768/TOOLCHAIN_GCC_ARM/retarget.o (serial_getc)
./mbed/TARGET_LPC1768/TOOLCHAIN_GCC_ARM\libmbed.a(FilePath.o)
                              mbed/TARGET_LPC1768/TOOLCHAIN_GCC_ARM/retarget.o (mbed::FilePath::FilePath(char const*))
./mbed/TARGET_LPC1768/TOOLCHAIN_GCC_ARM\libmbed.a(FileSystemLike.o)
                              mbed/TARGET_LPC1768/TOOLCHAIN_GCC_ARM/retarget.o (mbed::FileSystemLike::opendir())
./mbed/TARGET_LPC1768/TOOLCHAIN_GCC_ARM\libmbed.a(Serial.o)
                              main.o (mbed::Serial::Serial(PinName, PinName, char const*))
./mbed/TARGET_LPC1768/TOOLCHAIN_GCC_ARM\libmbed.a(SerialBase.o)
                              ./mbed/TARGET_LPC1768/TOOLCHAIN_GCC_ARM\libmbed.a(Serial.o) (mbed::SerialBase::SerialBase(PinName, PinName))
./mbed/TARGET_LPC1768/TOOLCHAIN_GCC_ARM\libmbed.a(Stream.o)
                              ./mbed/TARGET_LPC1768/TOOLCHAIN_GCC_ARM\libmbed.a(Serial.o) (mbed::Stream::close())
./mbed/TARGET_LPC1768/TOOLCHAIN_GCC_ARM\libmbed.a(assert.o)
                              mbed/TARGET_LPC1768/TOOLCHAIN_GCC_ARM/board.o (mbed_assert_internal)
./mbed/TARGET_LPC1768/TOOLCHAIN_GCC_ARM\libmbed.a(error.o)
                              mbed/TARGET_LPC1768/TOOLCHAIN_GCC_ARM/retarget.o (error)
./mbed/TARGET_LPC1768/TOOLCHAIN_GCC_ARM\libmbed.a(gpio.o)
                              ./mbed/TARGET_LPC1768/TOOLCHAIN_GCC_ARM\libmbed.a(serial_api.o) (gpio_init_in)
./mbed/TARGET_LPC1768/TOOLCHAIN_GCC_ARM\libmbed.a(mbed_interface.o)
                              mbed/TARGET_LPC1768/TOOLCHAIN_GCC_ARM/retarget.o (mbed_interface_connected)
./mbed/TARGET_LPC1768/TOOLCHAIN_GCC_ARM\libmbed.a(pinmap_common.o)
                              ./mbed/TARGET_LPC1768/TOOLCHAIN_GCC_ARM\libmbed.a(serial_api.o) (pinmap_pinout)
./mbed/TARGET_LPC1768/TOOLCHAIN_GCC_ARM\libmbed.a(semihost_api.o)
                              mbed/TARGET_LPC1768/TOOLCHAIN_GCC_ARM/retarget.o (semihost_exit)
./mbed/TARGET_LPC1768/TOOLCHAIN_GCC_ARM\libmbed.a(wait_api.o)
                              ./mbed/TARGET_LPC1768/TOOLCHAIN_GCC_ARM\libmbed.a(SerialBase.o) (wait_us)
./mbed/TARGET_LPC1768/TOOLCHAIN_GCC_ARM\libmbed.a(gpio_api.o)
                              ./mbed/TARGET_LPC1768/TOOLCHAIN_GCC_ARM\libmbed.a(gpio.o) (gpio_init)
./mbed/TARGET_LPC1768/TOOLCHAIN_GCC_ARM\libmbed.a(pinmap.o)
                              ./mbed/TARGET_LPC1768/TOOLCHAIN_GCC_ARM\libmbed.a(pinmap_common.o) (pin_function)
./mbed/TARGET_LPC1768/TOOLCHAIN_GCC_ARM\libmbed.a(us_ticker.o)
                              ./mbed/TARGET_LPC1768/TOOLCHAIN_GCC_ARM\libmbed.a(wait_api.o) (us_ticker_read)
./mbed/TARGET_LPC1768/TOOLCHAIN_GCC_ARM\libmbed.a(FileBase.o)
                              ./mbed/TARGET_LPC1768/TOOLCHAIN_GCC_ARM\libmbed.a(FileSystemLike.o) (mbed::FileBase::~FileBase())
./mbed/TARGET_LPC1768/TOOLCHAIN_GCC_ARM\libmbed.a(FileLike.o)
                              ./mbed/TARGET_LPC1768/TOOLCHAIN_GCC_ARM\libmbed.a(Stream.o) (mbed::FileLike::~FileLike())
./mbed/TARGET_LPC1768/TOOLCHAIN_GCC_ARM\libmbed.a(us_ticker_api.o)
                              ./mbed/TARGET_LPC1768/TOOLCHAIN_GCC_ARM\libmbed.a(us_ticker.o) (us_ticker_irq_handler)
./mbed/TARGET_LPC1768/TOOLCHAIN_GCC_ARM\libmbed.a(ticker_api.o)
                              ./mbed/TARGET_LPC1768/TOOLCHAIN_GCC_ARM\libmbed.a(us_ticker_api.o) (ticker_irq_handler)
c:/gnuarmembedded/bin/../lib/gcc/arm-none-eabi/4.9.3/../../../../arm-none-eabi/lib/armv7-m\libstdc++_nano.a(new_op.o)
                              ./mbed/TARGET_LPC1768/TOOLCHAIN_GCC_ARM\libmbed.a(FileSystemLike.o) (operator new(unsigned int))
c:/gnuarmembedded/bin/../lib/gcc/arm-none-eabi/4.9.3/../../../../arm-none-eabi/lib/armv7-m\libstdc++_nano.a(del_op.o)
                              main.o (operator delete(void*))
c:/gnuarmembedded/bin/../lib/gcc/arm-none-eabi/4.9.3/../../../../arm-none-eabi/lib/armv7-m\libstdc++_nano.a(new_handler.o)
                              c:/gnuarmembedded/bin/../lib/gcc/arm-none-eabi/4.9.3/../../../../arm-none-eabi/lib/armv7-m\libstdc++_nano.a(new_op.o) (std::get_new_handler())
c:/gnuarmembedded/bin/../lib/gcc/arm-none-eabi/4.9.3/../../../../arm-none-eabi/lib/armv7-m\libstdc++_nano.a(atexit_arm.o)
                              main.o (__aeabi_atexit)
c:/gnuarmembedded/bin/../lib/gcc/arm-none-eabi/4.9.3/../../../../arm-none-eabi/lib/armv7-m\libc_nano.a(lib_a-abort.o)
                              c:/gnuarmembedded/bin/../lib/gcc/arm-none-eabi/4.9.3/../../../../arm-none-eabi/lib/armv7-m\libstdc++_nano.a(new_op.o) (abort)
c:/gnuarmembedded/bin/../lib/gcc/arm-none-eabi/4.9.3/../../../../arm-none-eabi/lib/armv7-m\libc_nano.a(lib_a-abs.o)
                              ./mbed/TARGET_LPC1768/TOOLCHAIN_GCC_ARM\libmbed.a(serial_api.o) (abs)
[...]
Memory Configuration

Name             Origin             Length             Attributes
FLASH            0x00000000         0x00080000         xr
RAM              0x100000c8         0x00007f38         xrw
USB_RAM          0x2007c000         0x00004000         xrw
ETH_RAM          0x20080000         0x00004000         xrw
*default*        0x00000000         0xffffffff

Linker script and memory map

LOAD c:/gnuarmembedded/bin/../lib/gcc/arm-none-eabi/4.9.3/armv7-m/crti.o
LOAD c:/gnuarmembedded/bin/../lib/gcc/arm-none-eabi/4.9.3/armv7-m/crtbegin.o
LOAD c:/gnuarmembedded/bin/../lib/gcc/arm-none-eabi/4.9.3/../../../../arm-none-eabi/lib/armv7-m/crt0.o
LOAD main.o
LOAD mbed/TARGET_LPC1768/TOOLCHAIN_GCC_ARM/cmsis_nvic.o
LOAD mbed/TARGET_LPC1768/TOOLCHAIN_GCC_ARM/system_LPC17xx.o
LOAD mbed/TARGET_LPC1768/TOOLCHAIN_GCC_ARM/board.o
LOAD mbed/TARGET_LPC1768/TOOLCHAIN_GCC_ARM/retarget.o
LOAD mbed/TARGET_LPC1768/TOOLCHAIN_GCC_ARM/startup_LPC17xx.o
LOAD ./mbed/TARGET_LPC1768/TOOLCHAIN_GCC_ARM\libmbed.a
LOAD c:/gnuarmembedded/bin/../lib/gcc/arm-none-eabi/4.9.3/../../../../arm-none-eabi/lib/armv7-m\libstdc++_nano.a
LOAD c:/gnuarmembedded/bin/../lib/gcc/arm-none-eabi/4.9.3/../../../../arm-none-eabi/lib/armv7-m\libsupc++_nano.a
LOAD c:/gnuarmembedded/bin/../lib/gcc/arm-none-eabi/4.9.3/../../../../arm-none-eabi/lib/armv7-m\libm.a
LOAD c:/gnuarmembedded/bin/../lib/gcc/arm-none-eabi/4.9.3/../../../../arm-none-eabi/lib/armv7-m\libc_nano.a
LOAD c:/gnuarmembedded/bin/../lib/gcc/arm-none-eabi/4.9.3/armv7-m\libgcc.a
LOAD c:/gnuarmembedded/bin/../lib/gcc/arm-none-eabi/4.9.3/../../../../arm-none-eabi/lib/armv7-m\libnosys.a
LOAD ./mbed/TARGET_LPC1768/TOOLCHAIN_GCC_ARM\libmbed.a
LOAD c:/gnuarmembedded/bin/../lib/gcc/arm-none-eabi/4.9.3/../../../../arm-none-eabi/lib/armv7-m\libstdc++_nano.a
LOAD c:/gnuarmembedded/bin/../lib/gcc/arm-none-eabi/4.9.3/../../../../arm-none-eabi/lib/armv7-m\libsupc++_nano.a
LOAD c:/gnuarmembedded/bin/../lib/gcc/arm-none-eabi/4.9.3/../../../../arm-none-eabi/lib/armv7-m\libm.a
LOAD c:/gnuarmembedded/bin/../lib/gcc/arm-none-eabi/4.9.3/../../../../arm-none-eabi/lib/armv7-m\libc_nano.a
LOAD c:/gnuarmembedded/bin/../lib/gcc/arm-none-eabi/4.9.3/armv7-m\libgcc.a
LOAD c:/gnuarmembedded/bin/../lib/gcc/arm-none-eabi/4.9.3/../../../../arm-none-eabi/lib/armv7-m\libnosys.a
START GROUP
LOAD c:/gnuarmembedded/bin/../lib/gcc/arm-none-eabi/4.9.3/armv7-m\libgcc.a
LOAD c:/gnuarmembedded/bin/../lib/gcc/arm-none-eabi/4.9.3/../../../../arm-none-eabi/lib/armv7-m\libc_nano.a
END GROUP
START GROUP
LOAD c:/gnuarmembedded/bin/../lib/gcc/arm-none-eabi/4.9.3/armv7-m\libgcc.a
LOAD c:/gnuarmembedded/bin/../lib/gcc/arm-none-eabi/4.9.3/../../../../arm-none-eabi/lib/armv7-m\libc_nano.a
END GROUP
LOAD c:/gnuarmembedded/bin/../lib/gcc/arm-none-eabi/4.9.3/armv7-m/crtend.o
LOAD c:/gnuarmembedded/bin/../lib/gcc/arm-none-eabi/4.9.3/armv7-m/crtn.o

.text           0x00000000     0x83e0
 *(.isr_vector)
 .isr_vector    0x00000000       0xcc mbed/TARGET_LPC1768/TOOLCHAIN_GCC_ARM/startup_LPC17xx.o
                0x00000000                __isr_vector
 *(.text*)
 .text          0x000000cc       0x5c c:/gnuarmembedded/bin/../lib/gcc/arm-none-eabi/4.9.3/armv7-m/crtbegin.o
 .text          0x00000128       0x74 c:/gnuarmembedded/bin/../lib/gcc/arm-none-eabi/4.9.3/../../../../arm-none-eabi/lib/armv7-m/crt0.o
                0x00000128                _start
                0x00000128                _mainCRTStartup
 .text._ZN4mbed10SerialBaseD2Ev
                0x0000019c        0x4 main.o
                0x0000019c                mbed::SerialBase::~SerialBase()
                0x0000019c                mbed::SerialBase::~SerialBase()
 .text._ZN4mbed6SerialD2Ev
                0x000001a0       0x24 main.o
                0x000001a0                mbed::Serial::~Serial()
                0x000001a0                mbed::Serial::~Serial()
 .text._ZN4mbed6SerialD1Ev
                0x000001c4       0x10 main.o
                0x000001c4                non-virtual thunk to mbed::Serial::~Serial()
                0x000001cc                non-virtual thunk to mbed::Serial::~Serial()
 .text._ZN4mbed10SerialBaseD0Ev
                0x000001d4        0xc main.o
                0x000001d4                mbed::SerialBase::~SerialBase()
 .text.startup.main
                0x000001e0      0x148 main.o
                0x000001e0                main
 .text._ZN4mbed6SerialD0Ev
                0x00000328       0x38 main.o
                0x00000328                mbed::Serial::~Serial()
                0x00000350                non-virtual thunk to mbed::Serial::~Serial()
                0x00000358                non-virtual thunk to mbed::Serial::~Serial()
 .text.startup._GLOBAL__sub_I_async_port
                0x00000360      0x140 main.o
 .text.NVIC_SetVector
                0x000004a0       0x3c mbed/TARGET_LPC1768/TOOLCHAIN_GCC_ARM/cmsis_nvic.o
                0x000004a0                NVIC_SetVector
 .text.SystemInit
                0x000004dc       0xb8 mbed/TARGET_LPC1768/TOOLCHAIN_GCC_ARM/system_LPC17xx.o
                0x000004dc                SystemInit
 .text.mbed_die
                0x00000594      0x10c mbed/TARGET_LPC1768/TOOLCHAIN_GCC_ARM/board.o
                0x00000594                mbed_die
 .text._ZN4mbed10FileHandle4flenEv
                0x000006a0       0x34 mbed/TARGET_LPC1768/TOOLCHAIN_GCC_ARM/retarget.o
                0x000006a0                mbed::FileHandle::flen()
 .text._ZN4mbed10FileHandleD2Ev
                0x000006d4       0x2c mbed/TARGET_LPC1768/TOOLCHAIN_GCC_ARM/retarget.o
                0x000006d4                mbed::FileHandle::~FileHandle()
                0x000006d4                mbed::FileHandle::~FileHandle()
 .text._ZN4mbed10FileHandleD0Ev
                0x00000700       0x34 mbed/TARGET_LPC1768/TOOLCHAIN_GCC_ARM/retarget.o
                0x00000700                mbed::FileHandle::~FileHandle()
 .text._ZL11init_serialv.part.0
                0x00000734       0x18 mbed/TARGET_LPC1768/TOOLCHAIN_GCC_ARM/retarget.o
 .text._open    0x0000074c       0xf8 mbed/TARGET_LPC1768/TOOLCHAIN_GCC_ARM/retarget.o
                0x0000074c                _open
 .text._close   0x00000844       0x2c mbed/TARGET_LPC1768/TOOLCHAIN_GCC_ARM/retarget.o
                0x00000844                _close
 .text._write   0x00000870       0x50 mbed/TARGET_LPC1768/TOOLCHAIN_GCC_ARM/retarget.o
                0x00000870                _write
 .text._read    0x000008c0       0x4c mbed/TARGET_LPC1768/TOOLCHAIN_GCC_ARM/retarget.o
                0x000008c0                _read
 .text._isatty  0x0000090c       0x28 mbed/TARGET_LPC1768/TOOLCHAIN_GCC_ARM/retarget.o
                0x0000090c                _isatty
 .text._lseek   0x00000934       0x28 mbed/TARGET_LPC1768/TOOLCHAIN_GCC_ARM/retarget.o
                0x00000934                _lseek
 .text._fstat   0x0000095c       0x20 mbed/TARGET_LPC1768/TOOLCHAIN_GCC_ARM/retarget.o
                0x0000095c                _fstat
 .text.__cxa_pure_virtual
                0x0000097c        0x8 mbed/TARGET_LPC1768/TOOLCHAIN_GCC_ARM/retarget.o
                0x0000097c                __cxa_pure_virtual
 .text.mbed_main
                0x00000984        0x4 mbed/TARGET_LPC1768/TOOLCHAIN_GCC_ARM/retarget.o
                0x00000984                mbed_main
 .text.mbed_sdk_init
                0x00000988        0x4 mbed/TARGET_LPC1768/TOOLCHAIN_GCC_ARM/retarget.o
                0x00000988                mbed_sdk_init
 .text.__wrap_main
                0x0000098c       0x14 mbed/TARGET_LPC1768/TOOLCHAIN_GCC_ARM/retarget.o
                0x0000098c                __wrap_main
 .text._sbrk    0x000009a0       0x28 mbed/TARGET_LPC1768/TOOLCHAIN_GCC_ARM/retarget.o
                0x000009a0                _sbrk
 .text._exit    0x000009c8       0x30 mbed/TARGET_LPC1768/TOOLCHAIN_GCC_ARM/retarget.o
                0x000009c8                _exit
 .text._ZN4mbed26mbed_set_unbuffered_streamEP7__sFILE
                0x000009f8        0x8 mbed/TARGET_LPC1768/TOOLCHAIN_GCC_ARM/retarget.o
                0x000009f8                mbed::mbed_set_unbuffered_stream(__sFILE*)
 .text._ZN4mbed9mbed_getcEP7__sFILE
                0x00000a00        0x4 mbed/TARGET_LPC1768/TOOLCHAIN_GCC_ARM/retarget.o
                0x00000a00                mbed::mbed_getc(__sFILE*)
 .text          0x00000a04       0x44 mbed/TARGET_LPC1768/TOOLCHAIN_GCC_ARM/startup_LPC17xx.o
                0x00000a04                Reset_Handler
                0x00000a34                NMI_Handler
                0x00000a36                HardFault_Handler
                0x00000a38                MemManage_Handler
                0x00000a3a                BusFault_Handler
                0x00000a3c                UsageFault_Handler
                0x00000a3e                SVC_Handler
                0x00000a40                DebugMon_Handler
                0x00000a42                PendSV_Handler
                0x00000a44                SysTick_Handler
                0x00000a46                EINT2_IRQHandler
                0x00000a46                USBActivity_IRQHandler
                0x00000a46                EINT3_IRQHandler
                0x00000a46                CANActivity_IRQHandler
                0x00000a46                TIMER3_IRQHandler
                0x00000a46                UART0_IRQHandler
                0x00000a46                UART1_IRQHandler
                0x00000a46                I2C1_IRQHandler
                0x00000a46                PLL0_IRQHandler
                0x00000a46                I2C0_IRQHandler
                0x00000a46                PLL1_IRQHandler
                0x00000a46                SSP0_IRQHandler
                0x00000a46                I2S_IRQHandler
                0x00000a46                I2C2_IRQHandler
                0x00000a46                RTC_IRQHandler
                0x00000a46                TIMER0_IRQHandler
                0x00000a46                RIT_IRQHandler
                0x00000a46                SPI_IRQHandler
                0x00000a46                EINT1_IRQHandler
                0x00000a46                TIMER1_IRQHandler
                0x00000a46                UART2_IRQHandler
                0x00000a46                Default_Handler
                0x00000a46                ADC_IRQHandler
                0x00000a46                SSP1_IRQHandler
                0x00000a46                USB_IRQHandler
                0x00000a46                BOD_IRQHandler
                0x00000a46                PWM1_IRQHandler
                0x00000a46                WDT_IRQHandler
                0x00000a46                CAN_IRQHandler
                0x00000a46                QEI_IRQHandler
                0x00000a46                EINT0_IRQHandler
                0x00000a46                DEF_IRQHandler
                0x00000a46                DMA_IRQHandler
                0x00000a46                TIMER2_IRQHandler
                0x00000a46                UART3_IRQHandler
                0x00000a46                MCPWM_IRQHandler
                0x00000a46                ENET_IRQHandler
 .text.uart2_irq
                0x00000a48       0x64 ./mbed/TARGET_LPC1768/TOOLCHAIN_GCC_ARM\libmbed.a(serial_api.o)
                0x00000a48                uart2_irq
 .text.serial_irq_set_internal
                0x00000aac       0xcc ./mbed/TARGET_LPC1768/TOOLCHAIN_GCC_ARM\libmbed.a(serial_api.o)
 .text.uart0_irq
                0x00000b78       0x64 ./mbed/TARGET_LPC1768/TOOLCHAIN_GCC_ARM\libmbed.a(serial_api.o)
                0x00000b78                uart0_irq
 .text.uart3_irq
                0x00000bdc       0x6c ./mbed/TARGET_LPC1768/TOOLCHAIN_GCC_ARM\libmbed.a(serial_api.o)
                0x00000bdc                uart3_irq
 .text.uart1_irq
                0x00000c48       0x64 ./mbed/TARGET_LPC1768/TOOLCHAIN_GCC_ARM\libmbed.a(serial_api.o)
                0x00000c48                uart1_irq
 .text.serial_baud
                0x00000cac      0x244 ./mbed/TARGET_LPC1768/TOOLCHAIN_GCC_ARM\libmbed.a(serial_api.o)
                0x00000cac                serial_baud
 .text.serial_format
                0x00000ef0       0x78 ./mbed/TARGET_LPC1768/TOOLCHAIN_GCC_ARM\libmbed.a(serial_api.o)
                0x00000ef0                serial_format
 .text.serial_irq_handler
                0x00000f68       0x20 ./mbed/TARGET_LPC1768/TOOLCHAIN_GCC_ARM\libmbed.a(serial_api.o)
                0x00000f68                serial_irq_handler
 .text.serial_getc
                0x00000f88       0x38 ./mbed/TARGET_LPC1768/TOOLCHAIN_GCC_ARM\libmbed.a(serial_api.o)
                0x00000f88                serial_getc
 .text.serial_readable
                0x00000fc0        0xc ./mbed/TARGET_LPC1768/TOOLCHAIN_GCC_ARM\libmbed.a(serial_api.o)
                0x00000fc0                serial_readable
 .text.serial_writable
                0x00000fcc       0x74 ./mbed/TARGET_LPC1768/TOOLCHAIN_GCC_ARM\libmbed.a(serial_api.o)
                0x00000fcc                serial_writable
 .text.serial_putc
                0x00001040       0x34 ./mbed/TARGET_LPC1768/TOOLCHAIN_GCC_ARM\libmbed.a(serial_api.o)
                0x00001040                serial_putc
 .text.serial_set_flow_control
                0x00001074      0x12c ./mbed/TARGET_LPC1768/TOOLCHAIN_GCC_ARM\libmbed.a(serial_api.o)
                0x00001074                serial_set_flow_control
 .text.serial_init
                0x000011a0      0x1bc ./mbed/TARGET_LPC1768/TOOLCHAIN_GCC_ARM\libmbed.a(serial_api.o)
                0x000011a0                serial_init
 .text._ZN4mbed8FilePathC2EPKc
                0x0000135c       0x58 ./mbed/TARGET_LPC1768/TOOLCHAIN_GCC_ARM\libmbed.a(FilePath.o)
                0x0000135c                mbed::FilePath::FilePath(char const*)
                0x0000135c                mbed::FilePath::FilePath(char const*)
 .text._ZN4mbed8FilePath8fileNameEv
                0x000013b4        0x4 ./mbed/TARGET_LPC1768/TOOLCHAIN_GCC_ARM\libmbed.a(FilePath.o)
                0x000013b4                mbed::FilePath::fileName()
 .text._ZN4mbed8FilePath10fileSystemEv
                0x000013b8       0x18 ./mbed/TARGET_LPC1768/TOOLCHAIN_GCC_ARM\libmbed.a(FilePath.o)
                0x000013b8                mbed::FilePath::fileSystem()
 .text._ZN4mbed8FilePath6isFileEv
                0x000013d0       0x14 ./mbed/TARGET_LPC1768/TOOLCHAIN_GCC_ARM\libmbed.a(FilePath.o)
                0x000013d0                mbed::FilePath::isFile()
 .text._ZN4mbed8FilePath4fileEv
                0x000013e4       0x1c ./mbed/TARGET_LPC1768/TOOLCHAIN_GCC_ARM\libmbed.a(FilePath.o)
                0x000013e4                mbed::FilePath::file()
 .text._ZN4mbed8FilePath6existsEv
                0x00001400        0xc ./mbed/TARGET_LPC1768/TOOLCHAIN_GCC_ARM\libmbed.a(FilePath.o)
                0x00001400                mbed::FilePath::exists()
 .text._ZN4mbed6Serial5_getcEv
                0x0000140c        0x4 ./mbed/TARGET_LPC1768/TOOLCHAIN_GCC_ARM\libmbed.a(Serial.o)
                0x0000140c                mbed::Serial::_getc()
 .text._ZThn64_N4mbed6Serial5_getcEv
                0x00001410        0x8 ./mbed/TARGET_LPC1768/TOOLCHAIN_GCC_ARM\libmbed.a(Serial.o)
                0x00001410                non-virtual thunk to mbed::Serial::_getc()
 .text._ZN4mbed6Serial5_putcEi
                0x00001418        0x4 ./mbed/TARGET_LPC1768/TOOLCHAIN_GCC_ARM\libmbed.a(Serial.o)
                0x00001418                mbed::Serial::_putc(int)
 .text._ZThn64_N4mbed6Serial5_putcEi
                0x0000141c        0x8 ./mbed/TARGET_LPC1768/TOOLCHAIN_GCC_ARM\libmbed.a(Serial.o)
                0x0000141c                non-virtual thunk to mbed::Serial::_putc(int)
 .text._ZN4mbed6SerialC2E7PinNameS1_PKc
                0x00001424       0x30 ./mbed/TARGET_LPC1768/TOOLCHAIN_GCC_ARM\libmbed.a(Serial.o)
                0x00001424                mbed::Serial::Serial(PinName, PinName, char const*)
                0x00001424                mbed::Serial::Serial(PinName, PinName, char const*)
 .text._ZN4mbed10SerialBase12_irq_handlerEm9SerialIrq
                0x00001454       0x28 ./mbed/TARGET_LPC1768/TOOLCHAIN_GCC_ARM\libmbed.a(SerialBase.o)
                0x00001454                mbed::SerialBase::_irq_handler(unsigned long, SerialIrq)
 .text._ZN4mbed10SerialBaseC2E7PinNameS1_
                0x0000147c       0x3c ./mbed/TARGET_LPC1768/TOOLCHAIN_GCC_ARM\libmbed.a(SerialBase.o)
                0x0000147c                mbed::SerialBase::SerialBase(PinName, PinName)
                0x0000147c                mbed::SerialBase::SerialBase(PinName, PinName)
 .text._ZN4mbed10SerialBase4baudEi
                0x000014b8       0x10 ./mbed/TARGET_LPC1768/TOOLCHAIN_GCC_ARM\libmbed.a(SerialBase.o)
                0x000014b8                mbed::SerialBase::baud(int)
 .text._ZN4mbed10SerialBase8readableEv
                0x000014c8        0x8 ./mbed/TARGET_LPC1768/TOOLCHAIN_GCC_ARM\libmbed.a(SerialBase.o)
                0x000014c8                mbed::SerialBase::readable()
 .text._ZN4mbed10SerialBase10_base_getcEv
                0x000014d0        0x8 ./mbed/TARGET_LPC1768/TOOLCHAIN_GCC_ARM\libmbed.a(SerialBase.o)
                0x000014d0                mbed::SerialBase::_base_getc()
 .text._ZN4mbed10SerialBase10_base_putcEi
                0x000014d8       0x10 ./mbed/TARGET_LPC1768/TOOLCHAIN_GCC_ARM\libmbed.a(SerialBase.o)
                0x000014d8                mbed::SerialBase::_base_putc(int)
 .text._ZN4mbed6Stream5closeEv
                0x000014e8        0x4 ./mbed/TARGET_LPC1768/TOOLCHAIN_GCC_ARM\libmbed.a(Stream.o)
                0x000014e8                mbed::Stream::close()
 .text._ZN4mbed6Stream5writeEPKvj
                0x000014ec       0x30 ./mbed/TARGET_LPC1768/TOOLCHAIN_GCC_ARM\libmbed.a(Stream.o)
                0x000014ec                mbed::Stream::write(void const*, unsigned int)
 .text._ZN4mbed6Stream4readEPvj
                0x0000151c       0x30 ./mbed/TARGET_LPC1768/TOOLCHAIN_GCC_ARM\libmbed.a(Stream.o)
                0x0000151c                mbed::Stream::read(void*, unsigned int)
 .text._ZN4mbed6Stream5lseekEli
                0x0000154c        0x4 ./mbed/TARGET_LPC1768/TOOLCHAIN_GCC_ARM\libmbed.a(Stream.o)
                0x0000154c                mbed::Stream::lseek(long, int)
 .text._ZN4mbed6Stream6isattyEv
                0x00001550        0x4 ./mbed/TARGET_LPC1768/TOOLCHAIN_GCC_ARM\libmbed.a(Stream.o)
                0x00001550                mbed::Stream::isatty()
 .text._ZN4mbed6Stream5fsyncEv
                0x00001554        0x4 ./mbed/TARGET_LPC1768/TOOLCHAIN_GCC_ARM\libmbed.a(Stream.o)
                0x00001554                mbed::Stream::fsync()
 .text._ZN4mbed6Stream4flenEv
                0x00001558        0x4 ./mbed/TARGET_LPC1768/TOOLCHAIN_GCC_ARM\libmbed.a(Stream.o)
                0x00001558                mbed::Stream::flen()
 .text._ZN4mbed6StreamD2Ev
                0x0000155c       0x24 ./mbed/TARGET_LPC1768/TOOLCHAIN_GCC_ARM\libmbed.a(Stream.o)
                0x0000155c                mbed::Stream::~Stream()
                0x0000155c                mbed::Stream::~Stream()
 .text._ZThn4_N4mbed6StreamD1Ev
                0x00001580        0x8 ./mbed/TARGET_LPC1768/TOOLCHAIN_GCC_ARM\libmbed.a(Stream.o)
                0x00001580                non-virtual thunk to mbed::Stream::~Stream()
 .text._ZN4mbed6StreamD0Ev
                0x00001588       0x14 ./mbed/TARGET_LPC1768/TOOLCHAIN_GCC_ARM\libmbed.a(Stream.o)
                0x00001588                mbed::Stream::~Stream()
 .text._ZThn4_N4mbed6StreamD0Ev
                0x0000159c        0x8 ./mbed/TARGET_LPC1768/TOOLCHAIN_GCC_ARM\libmbed.a(Stream.o)
                0x0000159c                non-virtual thunk to mbed::Stream::~Stream()
 .text._ZN4mbed6StreamC2EPKc
                0x000015a4       0x44 ./mbed/TARGET_LPC1768/TOOLCHAIN_GCC_ARM\libmbed.a(Stream.o)
                0x000015a4                mbed::Stream::Stream(char const*)
                0x000015a4                mbed::Stream::Stream(char const*)
 .text._ZN4mbed6Stream4putcEi
                0x000015e8       0x18 ./mbed/TARGET_LPC1768/TOOLCHAIN_GCC_ARM\libmbed.a(Stream.o)
                0x000015e8                mbed::Stream::putc(int)
 .text._ZN4mbed6Stream4getcEv
                0x00001600       0x14 ./mbed/TARGET_LPC1768/TOOLCHAIN_GCC_ARM\libmbed.a(Stream.o)
                0x00001600                mbed::Stream::getc()
 .text._ZN4mbed6Stream6printfEPKcz
                0x00001614       0x2c ./mbed/TARGET_LPC1768/TOOLCHAIN_GCC_ARM\libmbed.a(Stream.o)
                0x00001614                mbed::Stream::printf(char const*, ...)
 .text.mbed_assert_internal
                0x00001640       0x2c ./mbed/TARGET_LPC1768/TOOLCHAIN_GCC_ARM\libmbed.a(assert.o)
                0x00001640                mbed_assert_internal
 .text.error    0x0000166c       0x24 ./mbed/TARGET_LPC1768/TOOLCHAIN_GCC_ARM\libmbed.a(error.o)
                0x0000166c                error
 .text.gpio_init_in
                0x00001690       0x24 ./mbed/TARGET_LPC1768/TOOLCHAIN_GCC_ARM\libmbed.a(gpio.o)
                0x00001690                gpio_init_in
 .text.gpio_init_out
                0x000016b4       0x44 ./mbed/TARGET_LPC1768/TOOLCHAIN_GCC_ARM\libmbed.a(gpio.o)
                0x000016b4                gpio_init_out
 .text.gpio_init_out_ex
                0x000016f8       0x54 ./mbed/TARGET_LPC1768/TOOLCHAIN_GCC_ARM\libmbed.a(gpio.o)
                0x000016f8                gpio_init_out_ex
 .text.mbed_interface_connected
                0x0000174c        0x4 ./mbed/TARGET_LPC1768/TOOLCHAIN_GCC_ARM\libmbed.a(mbed_interface.o)
                0x0000174c                mbed_interface_connected
 .text.pinmap_pinout
                0x00001750       0x40 ./mbed/TARGET_LPC1768/TOOLCHAIN_GCC_ARM\libmbed.a(pinmap_common.o)
                0x00001750                pinmap_pinout
 .text.pinmap_merge
                0x00001790       0x24 ./mbed/TARGET_LPC1768/TOOLCHAIN_GCC_ARM\libmbed.a(pinmap_common.o)
                0x00001790                pinmap_merge
 .text.pinmap_find_peripheral
                0x000017b4       0x1c ./mbed/TARGET_LPC1768/TOOLCHAIN_GCC_ARM\libmbed.a(pinmap_common.o)
                0x000017b4                pinmap_find_peripheral
 .text.pinmap_peripheral
                0x000017d0       0x34 ./mbed/TARGET_LPC1768/TOOLCHAIN_GCC_ARM\libmbed.a(pinmap_common.o)
                0x000017d0                pinmap_peripheral
 .text.semihost_exit
                0x00001804       0x18 ./mbed/TARGET_LPC1768/TOOLCHAIN_GCC_ARM\libmbed.a(semihost_api.o)
                0x00001804                semihost_exit
 .text.semihost_connected
                0x0000181c       0x10 ./mbed/TARGET_LPC1768/TOOLCHAIN_GCC_ARM\libmbed.a(semihost_api.o)
                0x0000181c                semihost_connected
 .text.wait_us  0x0000182c       0x18 ./mbed/TARGET_LPC1768/TOOLCHAIN_GCC_ARM\libmbed.a(wait_api.o)
                0x0000182c                wait_us
 .text.wait_ms  0x00001844        0xc ./mbed/TARGET_LPC1768/TOOLCHAIN_GCC_ARM\libmbed.a(wait_api.o)
                0x00001844                wait_ms
 .text.gpio_set
                0x00001850       0x30 ./mbed/TARGET_LPC1768/TOOLCHAIN_GCC_ARM\libmbed.a(gpio_api.o)
                0x00001850                gpio_set
 .text.gpio_init
                0x00001880       0x30 ./mbed/TARGET_LPC1768/TOOLCHAIN_GCC_ARM\libmbed.a(gpio_api.o)
                0x00001880                gpio_init
 .text.gpio_mode
                0x000018b0        0x8 ./mbed/TARGET_LPC1768/TOOLCHAIN_GCC_ARM\libmbed.a(gpio_api.o)
                0x000018b0                gpio_mode
 .text.gpio_dir
                0x000018b8       0x44 ./mbed/TARGET_LPC1768/TOOLCHAIN_GCC_ARM\libmbed.a(gpio_api.o)
                0x000018b8                gpio_dir
 .text.pin_function
                0x000018fc       0x50 ./mbed/TARGET_LPC1768/TOOLCHAIN_GCC_ARM\libmbed.a(pinmap.o)
                0x000018fc                pin_function
 .text.pin_mode
                0x0000194c       0x78 ./mbed/TARGET_LPC1768/TOOLCHAIN_GCC_ARM\libmbed.a(pinmap.o)
                0x0000194c                pin_mode
 .text.us_ticker_init
                0x000019c4       0x68 ./mbed/TARGET_LPC1768/TOOLCHAIN_GCC_ARM\libmbed.a(us_ticker.o)
                0x000019c4                us_ticker_init
 .text.us_ticker_read
                0x00001a2c       0x1c ./mbed/TARGET_LPC1768/TOOLCHAIN_GCC_ARM\libmbed.a(us_ticker.o)
                0x00001a2c                us_ticker_read
 .text.us_ticker_set_interrupt
                0x00001a48       0x14 ./mbed/TARGET_LPC1768/TOOLCHAIN_GCC_ARM\libmbed.a(us_ticker.o)
                0x00001a48                us_ticker_set_interrupt
 .text.us_ticker_disable_interrupt
                0x00001a5c       0x10 ./mbed/TARGET_LPC1768/TOOLCHAIN_GCC_ARM\libmbed.a(us_ticker.o)
                0x00001a5c                us_ticker_disable_interrupt
 .text.us_ticker_clear_interrupt
                0x00001a6c        0xc ./mbed/TARGET_LPC1768/TOOLCHAIN_GCC_ARM\libmbed.a(us_ticker.o)
                0x00001a6c                us_ticker_clear_interrupt
 .text._ZN4mbed8FileBaseD2Ev
                0x00001a78       0x30 ./mbed/TARGET_LPC1768/TOOLCHAIN_GCC_ARM\libmbed.a(FileBase.o)
                0x00001a78                mbed::FileBase::~FileBase()
                0x00001a78                mbed::FileBase::~FileBase()
 .text._ZN4mbed8FileBaseD0Ev
                0x00001aa8       0x3c ./mbed/TARGET_LPC1768/TOOLCHAIN_GCC_ARM\libmbed.a(FileBase.o)
                0x00001aa8                mbed::FileBase::~FileBase()
 .text._ZN4mbed8FileBaseC2EPKcNS_8PathTypeE
                0x00001ae4       0x28 ./mbed/TARGET_LPC1768/TOOLCHAIN_GCC_ARM\libmbed.a(FileBase.o)
                0x00001ae4                mbed::FileBase::FileBase(char const*, mbed::PathType)
                0x00001ae4                mbed::FileBase::FileBase(char const*, mbed::PathType)
 .text._ZN4mbed8FileBase6lookupEPKcj
                0x00001b0c       0x3c ./mbed/TARGET_LPC1768/TOOLCHAIN_GCC_ARM\libmbed.a(FileBase.o)
                0x00001b0c                mbed::FileBase::lookup(char const*, unsigned int)
 .text._ZN4mbed8FileBase11getPathTypeEv
                0x00001b48        0x4 ./mbed/TARGET_LPC1768/TOOLCHAIN_GCC_ARM\libmbed.a(FileBase.o)
                0x00001b48                mbed::FileBase::getPathType()
 .text._ZN4mbed8FileLikeD2Ev
                0x00001b4c       0x24 ./mbed/TARGET_LPC1768/TOOLCHAIN_GCC_ARM\libmbed.a(FileLike.o)
                0x00001b4c                mbed::FileLike::~FileLike()
                0x00001b4c                mbed::FileLike::~FileLike()
 .text._ZThn4_N4mbed8FileLikeD1Ev
                0x00001b70        0x8 ./mbed/TARGET_LPC1768/TOOLCHAIN_GCC_ARM\libmbed.a(FileLike.o)
                0x00001b70                non-virtual thunk to mbed::FileLike::~FileLike()
 .text._ZN4mbed8FileLikeD0Ev
                0x00001b78       0x2c ./mbed/TARGET_LPC1768/TOOLCHAIN_GCC_ARM\libmbed.a(FileLike.o)
                0x00001b78                mbed::FileLike::~FileLike()
 .text._ZThn4_N4mbed8FileLikeD0Ev
                0x00001ba4        0x8 ./mbed/TARGET_LPC1768/TOOLCHAIN_GCC_ARM\libmbed.a(FileLike.o)
                0x00001ba4                non-virtual thunk to mbed::FileLike::~FileLike()
 .text._ZN4mbed8FileLikeC2EPKc
                0x00001bac       0x28 ./mbed/TARGET_LPC1768/TOOLCHAIN_GCC_ARM\libmbed.a(FileLike.o)
                0x00001bac                mbed::FileLike::FileLike(char const*)
                0x00001bac                mbed::FileLike::FileLike(char const*)
 .text.us_ticker_irq_handler
                0x00001bd4        0xc ./mbed/TARGET_LPC1768/TOOLCHAIN_GCC_ARM\libmbed.a(us_ticker_api.o)
                0x00001bd4                us_ticker_irq_handler
 .text.ticker_irq_handler
                0x00001be0       0x48 ./mbed/TARGET_LPC1768/TOOLCHAIN_GCC_ARM\libmbed.a(ticker_api.o)
                0x00001be0                ticker_irq_handler
 .text._ZdlPv   0x00001c28        0x4 c:/gnuarmembedded/bin/../lib/gcc/arm-none-eabi/4.9.3/../../../../arm-none-eabi/lib/armv7-m\libstdc++_nano.a(del_op.o)
                0x00001c28                operator delete(void*)
 .text.__aeabi_atexit
                0x00001c2c        0xa c:/gnuarmembedded/bin/../lib/gcc/arm-none-eabi/4.9.3/../../../../arm-none-eabi/lib/armv7-m\libstdc++_nano.a(atexit_arm.o)
                0x00001c2c                __aeabi_atexit
 .text.abs      0x00001c36        0x8 c:/gnuarmembedded/bin/../lib/gcc/arm-none-eabi/4.9.3/../../../../arm-none-eabi/lib/armv7-m\libc_nano.a(lib_a-abs.o)
                0x00001c36                abs
 *fill*         0x00001c3e        0x2 
 .text.__cxa_atexit
                0x00001c40       0x1c c:/gnuarmembedded/bin/../lib/gcc/arm-none-eabi/4.9.3/../../../../arm-none-eabi/lib/armv7-m\libc_nano.a(lib_a-cxa_atexit.o)
                0x00001c40                __cxa_atexit
 .text.__errno  0x00001c5c        0xc c:/gnuarmembedded/bin/../lib/gcc/arm-none-eabi/4.9.3/../../../../arm-none-eabi/lib/armv7-m\libc_nano.a(lib_a-errno.o)
                0x00001c5c                __errno
 .text.exit     0x00001c68       0x28 c:/gnuarmembedded/bin/../lib/gcc/arm-none-eabi/4.9.3/../../../../arm-none-eabi/lib/armv7-m\libc_nano.a(lib_a-exit.o)
                0x00001c68                exit
 .text._fclose_r
                0x00001c90       0xa4 c:/gnuarmembedded/bin/../lib/gcc/arm-none-eabi/4.9.3/../../../../arm-none-eabi/lib/armv7-m\libc_nano.a(lib_a-fclose.o)
                0x00001c90                _fclose_r
 .text.fclose   0x00001d34       0x10 c:/gnuarmembedded/bin/../lib/gcc/arm-none-eabi/4.9.3/../../../../arm-none-eabi/lib/armv7-m\libc_nano.a(lib_a-fclose.o)
                0x00001d34                fclose
 .text.__sflush_r
                0x00001d44      0x106 c:/gnuarmembedded/bin/../lib/gcc/arm-none-eabi/4.9.3/../../../../arm-none-eabi/lib/armv7-m\libc_nano.a(lib_a-fflush.o)
                0x00001d44                __sflush_r
 *fill*         0x00001e4a        0x2 
 .text._fflush_r
                0x00001e4c       0x54 c:/gnuarmembedded/bin/../lib/gcc/arm-none-eabi/4.9.3/../../../../arm-none-eabi/lib/armv7-m\libc_nano.a(lib_a-fflush.o)
                0x00001e4c                _fflush_r
 .text.fflush   0x00001ea0       0x24 c:/gnuarmembedded/bin/../lib/gcc/arm-none-eabi/4.9.3/../../../../arm-none-eabi/lib/armv7-m\libc_nano.a(lib_a-fflush.o)
                0x00001ea0                fflush
 .text._fgetc_r
                0x00001ec4       0x58 c:/gnuarmembedded/bin/../lib/gcc/arm-none-eabi/4.9.3/../../../../arm-none-eabi/lib/armv7-m\libc_nano.a(lib_a-fgetc.o)
                0x00001ec4                _fgetc_r
 .text.fgetc    0x00001f1c       0x10 c:/gnuarmembedded/bin/../lib/gcc/arm-none-eabi/4.9.3/../../../../arm-none-eabi/lib/armv7-m\libc_nano.a(lib_a-fgetc.o)
                0x00001f1c                fgetc
 .text._cleanup_r
                0x00001f2c        0xc c:/gnuarmembedded/bin/../lib/gcc/arm-none-eabi/4.9.3/../../../../arm-none-eabi/lib/armv7-m\libc_nano.a(lib_a-findfp.o)
                0x00001f2c                _cleanup_r
 .text.std.isra.0
                0x00001f38       0x48 c:/gnuarmembedded/bin/../lib/gcc/arm-none-eabi/4.9.3/../../../../arm-none-eabi/lib/armv7-m\libc_nano.a(lib_a-findfp.o)
 .text.__sfmoreglue
                0x00001f80       0x2c c:/gnuarmembedded/bin/../lib/gcc/arm-none-eabi/4.9.3/../../../../arm-none-eabi/lib/armv7-m\libc_nano.a(lib_a-findfp.o)
                0x00001f80                __sfmoreglue
 .text.__sinit  0x00001fac       0x60 c:/gnuarmembedded/bin/../lib/gcc/arm-none-eabi/4.9.3/../../../../arm-none-eabi/lib/armv7-m\libc_nano.a(lib_a-findfp.o)
                0x00001fac                __sinit
 .text.__sfp    0x0000200c       0x74 c:/gnuarmembedded/bin/../lib/gcc/arm-none-eabi/4.9.3/../../../../arm-none-eabi/lib/armv7-m\libc_nano.a(lib_a-findfp.o)
                0x0000200c                __sfp
 .text.__sfp_lock_acquire
                0x00002080        0x2 c:/gnuarmembedded/bin/../lib/gcc/arm-none-eabi/4.9.3/../../../../arm-none-eabi/lib/armv7-m\libc_nano.a(lib_a-findfp.o)
                0x00002080                __sfp_lock_acquire
 .text.__sfp_lock_release
                0x00002082        0x2 c:/gnuarmembedded/bin/../lib/gcc/arm-none-eabi/4.9.3/../../../../arm-none-eabi/lib/armv7-m\libc_nano.a(lib_a-findfp.o)
                0x00002082                __sfp_lock_release
 .text._fopen_r
                0x00002084       0x80 c:/gnuarmembedded/bin/../lib/gcc/arm-none-eabi/4.9.3/../../../../arm-none-eabi/lib/armv7-m\libc_nano.a(lib_a-fopen.o)
                0x00002084                _fopen_r
 .text.fopen    0x00002104       0x14 c:/gnuarmembedded/bin/../lib/gcc/arm-none-eabi/4.9.3/../../../../arm-none-eabi/lib/armv7-m\libc_nano.a(lib_a-fopen.o)
                0x00002104                fopen
 .text.fprintf  0x00002118       0x24 c:/gnuarmembedded/bin/../lib/gcc/arm-none-eabi/4.9.3/../../../../arm-none-eabi/lib/armv7-m\libc_nano.a(lib_a-fprintf.o)
                0x00002118                fiprintf
                0x00002118                fprintf
 .text._fputc_r
                0x0000213c       0x48 c:/gnuarmembedded/bin/../lib/gcc/arm-none-eabi/4.9.3/../../../../arm-none-eabi/lib/armv7-m\libc_nano.a(lib_a-fputc.o)
                0x0000213c                _fputc_r
 .text.fputc    0x00002184       0x14 c:/gnuarmembedded/bin/../lib/gcc/arm-none-eabi/4.9.3/../../../../arm-none-eabi/lib/armv7-m\libc_nano.a(lib_a-fputc.o)
                0x00002184                fputc
 .text._fseek_r
                0x00002198        0x4 c:/gnuarmembedded/bin/../lib/gcc/arm-none-eabi/4.9.3/../../../../arm-none-eabi/lib/armv7-m\libc_nano.a(lib_a-fseek.o)
                0x00002198                _fseek_r
 .text._fseeko_r
                0x0000219c      0x118 c:/gnuarmembedded/bin/../lib/gcc/arm-none-eabi/4.9.3/../../../../arm-none-eabi/lib/armv7-m\libc_nano.a(lib_a-fseeko.o)
                0x0000219c                _fseeko_r
 .text._fwalk   0x000022b4       0x38 c:/gnuarmembedded/bin/../lib/gcc/arm-none-eabi/4.9.3/../../../../arm-none-eabi/lib/armv7-m\libc_nano.a(lib_a-fwalk.o)
                0x000022b4                _fwalk
 .text._fwalk_reent
                0x000022ec       0x3c c:/gnuarmembedded/bin/../lib/gcc/arm-none-eabi/4.9.3/../../../../arm-none-eabi/lib/armv7-m\libc_nano.a(lib_a-fwalk.o)
                0x000022ec                _fwalk_reent
 .text.__libc_init_array
                0x00002328       0x4c c:/gnuarmembedded/bin/../lib/gcc/arm-none-eabi/4.9.3/../../../../arm-none-eabi/lib/armv7-m\libc_nano.a(lib_a-init.o)
                0x00002328                __libc_init_array
 .text.__smakebuf_r
                0x00002374       0x98 c:/gnuarmembedded/bin/../lib/gcc/arm-none-eabi/4.9.3/../../../../arm-none-eabi/lib/armv7-m\libc_nano.a(lib_a-makebuf.o)
                0x00002374                __smakebuf_r
 .text.malloc   0x0000240c       0x10 c:/gnuarmembedded/bin/../lib/gcc/arm-none-eabi/4.9.3/../../../../arm-none-eabi/lib/armv7-m\libc_nano.a(lib_a-malloc.o)
                0x0000240c                malloc
 .text.free     0x0000241c       0x10 c:/gnuarmembedded/bin/../lib/gcc/arm-none-eabi/4.9.3/../../../../arm-none-eabi/lib/armv7-m\libc_nano.a(lib_a-malloc.o)
                0x0000241c                free
 .text.memchr   0x0000242c       0x1c c:/gnuarmembedded/bin/../lib/gcc/arm-none-eabi/4.9.3/../../../../arm-none-eabi/lib/armv7-m\libc_nano.a(lib_a-memchr.o)
                0x0000242c                memchr
 .text.memcpy   0x00002448       0x16 c:/gnuarmembedded/bin/../lib/gcc/arm-none-eabi/4.9.3/../../../../arm-none-eabi/lib/armv7-m\libc_nano.a(lib_a-memcpy.o)
                0x00002448                memcpy
 .text.memset   0x0000245e       0x10 c:/gnuarmembedded/bin/../lib/gcc/arm-none-eabi/4.9.3/../../../../arm-none-eabi/lib/armv7-m\libc_nano.a(lib_a-memset.o)
                0x0000245e                memset
 *fill*         0x0000246e        0x2 
 .text._free_r  0x00002470       0x88 c:/gnuarmembedded/bin/../lib/gcc/arm-none-eabi/4.9.3/../../../../arm-none-eabi/lib/armv7-m\libc_nano.a(lib_a-nano-freer.o)
                0x00002470                _free_r
 .text._malloc_r
                0x000024f8       0xac c:/gnuarmembedded/bin/../lib/gcc/arm-none-eabi/4.9.3/../../../../arm-none-eabi/lib/armv7-m\libc_nano.a(lib_a-nano-mallocr.o)
                0x000024f8                _malloc_r
 .text.__sfputc_r
                0x000025a4       0x2c c:/gnuarmembedded/bin/../lib/gcc/arm-none-eabi/4.9.3/../../../../arm-none-eabi/lib/armv7-m\libc_nano.a(lib_a-nano-vfprintf.o)
 .text.__sfputs_r
                0x000025d0       0x24 c:/gnuarmembedded/bin/../lib/gcc/arm-none-eabi/4.9.3/../../../../arm-none-eabi/lib/armv7-m\libc_nano.a(lib_a-nano-vfprintf.o)
                0x000025d0                __sfputs_r
 .text._vfprintf_r
                0x000025f4      0x210 c:/gnuarmembedded/bin/../lib/gcc/arm-none-eabi/4.9.3/../../../../arm-none-eabi/lib/armv7-m\libc_nano.a(lib_a-nano-vfprintf.o)
                0x000025f4                _vfprintf_r
                0x000025f4                _vfiprintf_r
 .text.vfprintf
                0x00002804       0x1c c:/gnuarmembedded/bin/../lib/gcc/arm-none-eabi/4.9.3/../../../../arm-none-eabi/lib/armv7-m\libc_nano.a(lib_a-nano-vfprintf.o)
                0x00002804                vfprintf
                0x00002804                vfiprintf
 .text.__cvt    0x00002820       0xbc c:/gnuarmembedded/bin/../lib/gcc/arm-none-eabi/4.9.3/../../../../arm-none-eabi/lib/armv7-m\libc_nano.a(lib_a-nano-vfprintf_float.o)
                0x00002820                __cvt
 .text.__exponent
                0x000028dc       0x62 c:/gnuarmembedded/bin/../lib/gcc/arm-none-eabi/4.9.3/../../../../arm-none-eabi/lib/armv7-m\libc_nano.a(lib_a-nano-vfprintf_float.o)
                0x000028dc                __exponent
 *fill*         0x0000293e        0x2 
 .text._printf_float
                0x00002940      0x48c c:/gnuarmembedded/bin/../lib/gcc/arm-none-eabi/4.9.3/../../../../arm-none-eabi/lib/armv7-m\libc_nano.a(lib_a-nano-vfprintf_float.o)
                0x00002940                _printf_float
 .text._printf_common
                0x00002dcc       0xea c:/gnuarmembedded/bin/../lib/gcc/arm-none-eabi/4.9.3/../../../../arm-none-eabi/lib/armv7-m\libc_nano.a(lib_a-nano-vfprintf_i.o)
                0x00002dcc                _printf_common
 *fill*         0x00002eb6        0x2 
 .text._printf_i
                0x00002eb8      0x240 c:/gnuarmembedded/bin/../lib/gcc/arm-none-eabi/4.9.3/../../../../arm-none-eabi/lib/armv7-m\libc_nano.a(lib_a-nano-vfprintf_i.o)
                0x00002eb8                _printf_i
 .text._scanf_float
                0x000030f8      0x3cc c:/gnuarmembedded/bin/../lib/gcc/arm-none-eabi/4.9.3/../../../../arm-none-eabi/lib/armv7-m\libc_nano.a(lib_a-nano-vfscanf_float.o)
                0x000030f8                _scanf_float
 .text._scanf_chars
                0x000034c4       0xbc c:/gnuarmembedded/bin/../lib/gcc/arm-none-eabi/4.9.3/../../../../arm-none-eabi/lib/armv7-m\libc_nano.a(lib_a-nano-vfscanf_i.o)
                0x000034c4                _scanf_chars
 .text._scanf_i
                0x00003580      0x1e4 c:/gnuarmembedded/bin/../lib/gcc/arm-none-eabi/4.9.3/../../../../arm-none-eabi/lib/armv7-m\libc_nano.a(lib_a-nano-vfscanf_i.o)
                0x00003580                _scanf_i
 .text._open_r  0x00003764       0x24 c:/gnuarmembedded/bin/../lib/gcc/arm-none-eabi/4.9.3/../../../../arm-none-eabi/lib/armv7-m\libc_nano.a(lib_a-openr.o)
                0x00003764                _open_r
 .text._putc_r  0x00003788       0x78 c:/gnuarmembedded/bin/../lib/gcc/arm-none-eabi/4.9.3/../../../../arm-none-eabi/lib/armv7-m\libc_nano.a(lib_a-putc.o)
                0x00003788                _putc_r
 .text.lflush   0x00003800       0x12 c:/gnuarmembedded/bin/../lib/gcc/arm-none-eabi/4.9.3/../../../../arm-none-eabi/lib/armv7-m\libc_nano.a(lib_a-refill.o)
 *fill*         0x00003812        0x2 
 .text.__srefill_r
                0x00003814      0x10c c:/gnuarmembedded/bin/../lib/gcc/arm-none-eabi/4.9.3/../../../../arm-none-eabi/lib/armv7-m\libc_nano.a(lib_a-refill.o)
                0x00003814                __srefill_r
 .text.__srget_r
                0x00003920       0x58 c:/gnuarmembedded/bin/../lib/gcc/arm-none-eabi/4.9.3/../../../../arm-none-eabi/lib/armv7-m\libc_nano.a(lib_a-rget.o)
                0x00003920                __srget_r
 .text.__fpclassifyd
                0x00003978       0x50 c:/gnuarmembedded/bin/../lib/gcc/arm-none-eabi/4.9.3/../../../../arm-none-eabi/lib/armv7-m\libc_nano.a(lib_a-s_fpclassify.o)
                0x00003978                __fpclassifyd
 .text._sbrk_r  0x000039c8       0x20 c:/gnuarmembedded/bin/../lib/gcc/arm-none-eabi/4.9.3/../../../../arm-none-eabi/lib/armv7-m\libc_nano.a(lib_a-sbrkr.o)
                0x000039c8                _sbrk_r
 .text.__sccl   0x000039e8       0x62 c:/gnuarmembedded/bin/../lib/gcc/arm-none-eabi/4.9.3/../../../../arm-none-eabi/lib/armv7-m\libc_nano.a(lib_a-sccl.o)
                0x000039e8                __sccl
 .text.setbuf   0x00003a4a       0x10 c:/gnuarmembedded/bin/../lib/gcc/arm-none-eabi/4.9.3/../../../../arm-none-eabi/lib/armv7-m\libc_nano.a(lib_a-setbuf.o)
                0x00003a4a                setbuf
 *fill*         0x00003a5a        0x2 
 .text.setvbuf  0x00003a5c      0x110 c:/gnuarmembedded/bin/../lib/gcc/arm-none-eabi/4.9.3/../../../../arm-none-eabi/lib/armv7-m\libc_nano.a(lib_a-setvbuf.o)
                0x00003a5c                setvbuf
 .text.nanf     0x00003b6c        0x8 c:/gnuarmembedded/bin/../lib/gcc/arm-none-eabi/4.9.3/../../../../arm-none-eabi/lib/armv7-m\libc_nano.a(lib_a-sf_nan.o)
                0x00003b6c                nanf
 .text.sprintf  0x00003b74       0x48 c:/gnuarmembedded/bin/../lib/gcc/arm-none-eabi/4.9.3/../../../../arm-none-eabi/lib/armv7-m\libc_nano.a(lib_a-sprintf.o)
                0x00003b74                siprintf
                0x00003b74                sprintf
 .text.sscanf   0x00003bbc       0x54 c:/gnuarmembedded/bin/../lib/gcc/arm-none-eabi/4.9.3/../../../../arm-none-eabi/lib/armv7-m\libc_nano.a(lib_a-sscanf.o)
                0x00003bbc                siscanf
                0x00003bbc                sscanf
 .text.__sread  0x00003c10       0x22 c:/gnuarmembedded/bin/../lib/gcc/arm-none-eabi/4.9.3/../../../../arm-none-eabi/lib/armv7-m\libc_nano.a(lib_a-stdio.o)
                0x00003c10                __sread
 .text.__seofread
                0x00003c32        0x4 c:/gnuarmembedded/bin/../lib/gcc/arm-none-eabi/4.9.3/../../../../arm-none-eabi/lib/armv7-m\libc_nano.a(lib_a-stdio.o)
                0x00003c32                __seofread
 .text.__swrite
                0x00003c36       0x38 c:/gnuarmembedded/bin/../lib/gcc/arm-none-eabi/4.9.3/../../../../arm-none-eabi/lib/armv7-m\libc_nano.a(lib_a-stdio.o)
                0x00003c36                __swrite
 .text.__sseek  0x00003c6e       0x24 c:/gnuarmembedded/bin/../lib/gcc/arm-none-eabi/4.9.3/../../../../arm-none-eabi/lib/armv7-m\libc_nano.a(lib_a-stdio.o)
                0x00003c6e                __sseek
 .text.__sclose
                0x00003c92        0x8 c:/gnuarmembedded/bin/../lib/gcc/arm-none-eabi/4.9.3/../../../../arm-none-eabi/lib/armv7-m\libc_nano.a(lib_a-stdio.o)
                0x00003c92                __sclose
 .text          0x00003c9a       0x14 c:/gnuarmembedded/bin/../lib/gcc/arm-none-eabi/4.9.3/../../../../arm-none-eabi/lib/armv7-m\libc_nano.a(lib_a-strcmp.o)
                0x00003c9a                strcmp
 .text.strlen   0x00003cae       0x10 c:/gnuarmembedded/bin/../lib/gcc/arm-none-eabi/4.9.3/../../../../arm-none-eabi/lib/armv7-m\libc_nano.a(lib_a-strlen.o)
                0x00003cae                strlen
 .text.strncmp  0x00003cbe       0x32 c:/gnuarmembedded/bin/../lib/gcc/arm-none-eabi/4.9.3/../../../../arm-none-eabi/lib/armv7-m\libc_nano.a(lib_a-strncmp.o)
                0x00003cbe                strncmp
 .text.match    0x00003cf0       0x26 c:/gnuarmembedded/bin/../lib/gcc/arm-none-eabi/4.9.3/../../../../arm-none-eabi/lib/armv7-m\libc_nano.a(lib_a-strtod.o)
 .text.sulp     0x00003d16       0x42 c:/gnuarmembedded/bin/../lib/gcc/arm-none-eabi/4.9.3/../../../../arm-none-eabi/lib/armv7-m\libc_nano.a(lib_a-strtod.o)
 .text._strtod_r
                0x00003d58      0xc40 c:/gnuarmembedded/bin/../lib/gcc/arm-none-eabi/4.9.3/../../../../arm-none-eabi/lib/armv7-m\libc_nano.a(lib_a-strtod.o)
                0x00003d58                _strtod_r
 .text._strtol_r
                0x00004998      0x10c c:/gnuarmembedded/bin/../lib/gcc/arm-none-eabi/4.9.3/../../../../arm-none-eabi/lib/armv7-m\libc_nano.a(lib_a-strtol.o)
                0x00004998                _strtol_r
 .text._strtoul_r
                0x00004aa4       0xf8 c:/gnuarmembedded/bin/../lib/gcc/arm-none-eabi/4.9.3/../../../../arm-none-eabi/lib/armv7-m\libc_nano.a(lib_a-strtoul.o)
                0x00004aa4                _strtoul_r
 .text.__submore
                0x00004b9c       0x72 c:/gnuarmembedded/bin/../lib/gcc/arm-none-eabi/4.9.3/../../../../arm-none-eabi/lib/armv7-m\libc_nano.a(lib_a-ungetc.o)
                0x00004b9c                __submore
 *fill*         0x00004c0e        0x2 
 .text.__swbuf_r
                0x00004c10       0xa8 c:/gnuarmembedded/bin/../lib/gcc/arm-none-eabi/4.9.3/../../../../arm-none-eabi/lib/armv7-m\libc_nano.a(lib_a-wbuf.o)
                0x00004c10                __swbuf_r
 .text._write_r
                0x00004cb8       0x24 c:/gnuarmembedded/bin/../lib/gcc/arm-none-eabi/4.9.3/../../../../arm-none-eabi/lib/armv7-m\libc_nano.a(lib_a-writer.o)
                0x00004cb8                _write_r
 .text.__swsetup_r
                0x00004cdc       0xd8 c:/gnuarmembedded/bin/../lib/gcc/arm-none-eabi/4.9.3/../../../../arm-none-eabi/lib/armv7-m\libc_nano.a(lib_a-wsetup.o)
                0x00004cdc                __swsetup_r
 .text._close_r
                0x00004db4       0x20 c:/gnuarmembedded/bin/../lib/gcc/arm-none-eabi/4.9.3/../../../../arm-none-eabi/lib/armv7-m\libc_nano.a(lib_a-closer.o)
                0x00004db4                _close_r
 .text.quorem   0x00004dd4      0x114 c:/gnuarmembedded/bin/../lib/gcc/arm-none-eabi/4.9.3/../../../../arm-none-eabi/lib/armv7-m\libc_nano.a(lib_a-dtoa.o)
 .text._dtoa_r  0x00004ee8      0xb78 c:/gnuarmembedded/bin/../lib/gcc/arm-none-eabi/4.9.3/../../../../arm-none-eabi/lib/armv7-m\libc_nano.a(lib_a-dtoa.o)
                0x00004ee8                _dtoa_r
 .text.__sflags
                0x00005a60       0x6e c:/gnuarmembedded/bin/../lib/gcc/arm-none-eabi/4.9.3/../../../../arm-none-eabi/lib/armv7-m\libc_nano.a(lib_a-flags.o)
                0x00005a60                __sflags
 *fill*         0x00005ace        0x2 
 .text._fstat_r
                0x00005ad0       0x24 c:/gnuarmembedded/bin/../lib/gcc/arm-none-eabi/4.9.3/../../../../arm-none-eabi/lib/armv7-m\libc_nano.a(lib_a-fstatr.o)
                0x00005ad0                _fstat_r
 .text.rshift   0x00005af4       0x6c c:/gnuarmembedded/bin/../lib/gcc/arm-none-eabi/4.9.3/../../../../arm-none-eabi/lib/armv7-m\libc_nano.a(lib_a-gdtoa-gethex.o)
 .text.__hexdig_fun
                0x00005b60       0x2a c:/gnuarmembedded/bin/../lib/gcc/arm-none-eabi/4.9.3/../../../../arm-none-eabi/lib/armv7-m\libc_nano.a(lib_a-gdtoa-gethex.o)
                0x00005b60                __hexdig_fun
 .text.__gethex
                0x00005b8a      0x44a c:/gnuarmembedded/bin/../lib/gcc/arm-none-eabi/4.9.3/../../../../arm-none-eabi/lib/armv7-m\libc_nano.a(lib_a-gdtoa-gethex.o)
                0x00005b8a                __gethex
 .text.L_shift  0x00005fd4       0x24 c:/gnuarmembedded/bin/../lib/gcc/arm-none-eabi/4.9.3/../../../../arm-none-eabi/lib/armv7-m\libc_nano.a(lib_a-gdtoa-hexnan.o)
 .text.__hexnan
                0x00005ff8      0x114 c:/gnuarmembedded/bin/../lib/gcc/arm-none-eabi/4.9.3/../../../../arm-none-eabi/lib/armv7-m\libc_nano.a(lib_a-gdtoa-hexnan.o)
                0x00005ff8                __hexnan
 .text._isatty_r
                0x0000610c       0x20 c:/gnuarmembedded/bin/../lib/gcc/arm-none-eabi/4.9.3/../../../../arm-none-eabi/lib/armv7-m\libc_nano.a(lib_a-isattyr.o)
                0x0000610c                _isatty_r
 .text._localeconv_r
                0x0000612c        0x8 c:/gnuarmembedded/bin/../lib/gcc/arm-none-eabi/4.9.3/../../../../arm-none-eabi/lib/armv7-m\libc_nano.a(lib_a-locale.o)
                0x0000612c                _localeconv_r
 .text._lseek_r
                0x00006134       0x24 c:/gnuarmembedded/bin/../lib/gcc/arm-none-eabi/4.9.3/../../../../arm-none-eabi/lib/armv7-m\libc_nano.a(lib_a-lseekr.o)
                0x00006134                _lseek_r
 .text.memmove  0x00006158       0x36 c:/gnuarmembedded/bin/../lib/gcc/arm-none-eabi/4.9.3/../../../../arm-none-eabi/lib/armv7-m\libc_nano.a(lib_a-memmove.o)
                0x00006158                memmove
 .text._Balloc  0x0000618e       0x6a c:/gnuarmembedded/bin/../lib/gcc/arm-none-eabi/4.9.3/../../../../arm-none-eabi/lib/armv7-m\libc_nano.a(lib_a-mprec.o)
                0x0000618e                _Balloc
 .text._Bfree   0x000061f8       0x2e c:/gnuarmembedded/bin/../lib/gcc/arm-none-eabi/4.9.3/../../../../arm-none-eabi/lib/armv7-m\libc_nano.a(lib_a-mprec.o)
                0x000061f8                _Bfree
 .text.__multadd
                0x00006226       0x7c c:/gnuarmembedded/bin/../lib/gcc/arm-none-eabi/4.9.3/../../../../arm-none-eabi/lib/armv7-m\libc_nano.a(lib_a-mprec.o)
                0x00006226                __multadd
 .text.__s2b    0x000062a2       0x80 c:/gnuarmembedded/bin/../lib/gcc/arm-none-eabi/4.9.3/../../../../arm-none-eabi/lib/armv7-m\libc_nano.a(lib_a-mprec.o)
                0x000062a2                __s2b
 .text.__hi0bits
                0x00006322       0x40 c:/gnuarmembedded/bin/../lib/gcc/arm-none-eabi/4.9.3/../../../../arm-none-eabi/lib/armv7-m\libc_nano.a(lib_a-mprec.o)
                0x00006322                __hi0bits
 .text.__lo0bits
                0x00006362       0x5a c:/gnuarmembedded/bin/../lib/gcc/arm-none-eabi/4.9.3/../../../../arm-none-eabi/lib/armv7-m\libc_nano.a(lib_a-mprec.o)
                0x00006362                __lo0bits
 .text.__i2b    0x000063bc       0x12 c:/gnuarmembedded/bin/../lib/gcc/arm-none-eabi/4.9.3/../../../../arm-none-eabi/lib/armv7-m\libc_nano.a(lib_a-mprec.o)
                0x000063bc                __i2b
 .text.__multiply
                0x000063ce      0x120 c:/gnuarmembedded/bin/../lib/gcc/arm-none-eabi/4.9.3/../../../../arm-none-eabi/lib/armv7-m\libc_nano.a(lib_a-mprec.o)
                0x000063ce                __multiply
 *fill*         0x000064ee        0x2 
 .text.__pow5mult
                0x000064f0       0x9c c:/gnuarmembedded/bin/../lib/gcc/arm-none-eabi/4.9.3/../../../../arm-none-eabi/lib/armv7-m\libc_nano.a(lib_a-mprec.o)
                0x000064f0                __pow5mult
 .text.__lshift
                0x0000658c       0xa6 c:/gnuarmembedded/bin/../lib/gcc/arm-none-eabi/4.9.3/../../../../arm-none-eabi/lib/armv7-m\libc_nano.a(lib_a-mprec.o)
                0x0000658c                __lshift
 .text.__mcmp   0x00006632       0x38 c:/gnuarmembedded/bin/../lib/gcc/arm-none-eabi/4.9.3/../../../../arm-none-eabi/lib/armv7-m\libc_nano.a(lib_a-mprec.o)
                0x00006632                __mcmp
 .text.__mdiff  0x0000666a       0xbe c:/gnuarmembedded/bin/../lib/gcc/arm-none-eabi/4.9.3/../../../../arm-none-eabi/lib/armv7-m\libc_nano.a(lib_a-mprec.o)
                0x0000666a                __mdiff
 .text.__ulp    0x00006728       0x48 c:/gnuarmembedded/bin/../lib/gcc/arm-none-eabi/4.9.3/../../../../arm-none-eabi/lib/armv7-m\libc_nano.a(lib_a-mprec.o)
                0x00006728                __ulp
 .text.__b2d    0x00006770       0x9e c:/gnuarmembedded/bin/../lib/gcc/arm-none-eabi/4.9.3/../../../../arm-none-eabi/lib/armv7-m\libc_nano.a(lib_a-mprec.o)
                0x00006770                __b2d
 .text.__d2b    0x0000680e       0xa4 c:/gnuarmembedded/bin/../lib/gcc/arm-none-eabi/4.9.3/../../../../arm-none-eabi/lib/armv7-m\libc_nano.a(lib_a-mprec.o)
                0x0000680e                __d2b
 .text.__ratio  0x000068b2       0x50 c:/gnuarmembedded/bin/../lib/gcc/arm-none-eabi/4.9.3/../../../../arm-none-eabi/lib/armv7-m\libc_nano.a(lib_a-mprec.o)
                0x000068b2                __ratio
 .text.__copybits
                0x00006902       0x34 c:/gnuarmembedded/bin/../lib/gcc/arm-none-eabi/4.9.3/../../../../arm-none-eabi/lib/armv7-m\libc_nano.a(lib_a-mprec.o)
                0x00006902                __copybits
 .text.__any_on
                0x00006936       0x44 c:/gnuarmembedded/bin/../lib/gcc/arm-none-eabi/4.9.3/../../../../arm-none-eabi/lib/armv7-m\libc_nano.a(lib_a-mprec.o)
                0x00006936                __any_on
 .text._calloc_r
                0x0000697a       0x1c c:/gnuarmembedded/bin/../lib/gcc/arm-none-eabi/4.9.3/../../../../arm-none-eabi/lib/armv7-m\libc_nano.a(lib_a-nano-callocr.o)
                0x0000697a                _calloc_r
 .text._realloc_r
                0x00006996       0x4c c:/gnuarmembedded/bin/../lib/gcc/arm-none-eabi/4.9.3/../../../../arm-none-eabi/lib/armv7-m\libc_nano.a(lib_a-nano-reallocr.o)
                0x00006996                _realloc_r
 .text.__ssputs_r
                0x000069e2       0xb2 c:/gnuarmembedded/bin/../lib/gcc/arm-none-eabi/4.9.3/../../../../arm-none-eabi/lib/armv7-m\libc_nano.a(lib_a-nano-svfprintf.o)
                0x000069e2                __ssputs_r
 .text._svfprintf_r
                0x00006a94      0x1e4 c:/gnuarmembedded/bin/../lib/gcc/arm-none-eabi/4.9.3/../../../../arm-none-eabi/lib/armv7-m\libc_nano.a(lib_a-nano-svfprintf.o)
                0x00006a94                _svfiprintf_r
                0x00006a94                _svfprintf_r
 .text._sungetc_r
                0x00006c78       0x7a c:/gnuarmembedded/bin/../lib/gcc/arm-none-eabi/4.9.3/../../../../arm-none-eabi/lib/armv7-m\libc_nano.a(lib_a-nano-svfscanf.o)
                0x00006c78                _sungetc_r
 .text.__ssrefill_r
                0x00006cf2       0x3a c:/gnuarmembedded/bin/../lib/gcc/arm-none-eabi/4.9.3/../../../../arm-none-eabi/lib/armv7-m\libc_nano.a(lib_a-nano-svfscanf.o)
                0x00006cf2                __ssrefill_r
 .text.__ssvfscanf_r
                0x00006d2c      0x29c c:/gnuarmembedded/bin/../lib/gcc/arm-none-eabi/4.9.3/../../../../arm-none-eabi/lib/armv7-m\libc_nano.a(lib_a-nano-svfscanf.o)
                0x00006d2c                __ssvfiscanf_r
                0x00006d2c                __ssvfscanf_r
 .text._read_r  0x00006fc8       0x24 c:/gnuarmembedded/bin/../lib/gcc/arm-none-eabi/4.9.3/../../../../arm-none-eabi/lib/armv7-m\libc_nano.a(lib_a-readr.o)
                0x00006fc8                _read_r
 .text._malloc_usable_size_r
                0x00006fec       0x14 c:/gnuarmembedded/bin/../lib/gcc/arm-none-eabi/4.9.3/../../../../arm-none-eabi/lib/armv7-m\libc_nano.a(lib_a-nano-msizer.o)
                0x00006fec                _malloc_usable_size_r
 .text          0x00007000      0x370 c:/gnuarmembedded/bin/../lib/gcc/arm-none-eabi/4.9.3/armv7-m\libgcc.a(_arm_addsubdf3.o)
                0x00007000                __aeabi_drsub
                0x00007008                __aeabi_dsub
                0x00007008                __subdf3
                0x0000700c                __aeabi_dadd
                0x0000700c                __adddf3
                0x00007284                __floatunsidf
                0x00007284                __aeabi_ui2d
                0x000072a4                __floatsidf
                0x000072a4                __aeabi_i2d
                0x000072c8                __aeabi_f2d
                0x000072c8                __extendsfdf2
                0x00007304                __floatundidf
                0x00007304                __aeabi_ul2d
                0x00007314                __floatdidf
                0x00007314                __aeabi_l2d
 .text          0x00007370      0x424 c:/gnuarmembedded/bin/../lib/gcc/arm-none-eabi/4.9.3/armv7-m\libgcc.a(_arm_muldivdf3.o)
                0x00007370                __aeabi_dmul
                0x00007370                __muldf3
                0x000075c4                __divdf3
                0x000075c4                __aeabi_ddiv
 .text          0x00007794      0x110 c:/gnuarmembedded/bin/../lib/gcc/arm-none-eabi/4.9.3/armv7-m\libgcc.a(_arm_cmpdf2.o)
                0x00007794                __gtdf2
                0x00007794                __gedf2
                0x0000779c                __ltdf2
                0x0000779c                __ledf2
                0x000077a4                __nedf2
                0x000077a4                __eqdf2
                0x000077a4                __cmpdf2
                0x00007820                __aeabi_cdrcmple
                0x00007830                __aeabi_cdcmpeq
                0x00007830                __aeabi_cdcmple
                0x00007840                __aeabi_dcmpeq
                0x00007854                __aeabi_dcmplt
                0x00007868                __aeabi_dcmple
                0x0000787c                __aeabi_dcmpge
                0x00007890                __aeabi_dcmpgt
 .text          0x000078a4       0x50 c:/gnuarmembedded/bin/../lib/gcc/arm-none-eabi/4.9.3/armv7-m\libgcc.a(_arm_fixdfsi.o)
                0x000078a4                __aeabi_d2iz
                0x000078a4                __fixdfsi
 .text          0x000078f4       0x40 c:/gnuarmembedded/bin/../lib/gcc/arm-none-eabi/4.9.3/armv7-m\libgcc.a(_arm_fixunsdfsi.o)
                0x000078f4                __aeabi_d2uiz
                0x000078f4                __fixunsdfsi
 .text          0x00007934       0xa0 c:/gnuarmembedded/bin/../lib/gcc/arm-none-eabi/4.9.3/armv7-m\libgcc.a(_arm_truncdfsf2.o)
                0x00007934                __truncdfsf2
                0x00007934                __aeabi_d2f
 *(.init)
 .init          0x000079d4        0x4 c:/gnuarmembedded/bin/../lib/gcc/arm-none-eabi/4.9.3/armv7-m/crti.o
                0x000079d4                _init
 .init          0x000079d8        0x8 c:/gnuarmembedded/bin/../lib/gcc/arm-none-eabi/4.9.3/armv7-m/crtn.o
 *(.fini)
 .fini          0x000079e0        0x4 c:/gnuarmembedded/bin/../lib/gcc/arm-none-eabi/4.9.3/armv7-m/crti.o
                0x000079e0                _fini
 .fini          0x000079e4        0x8 c:/gnuarmembedded/bin/../lib/gcc/arm-none-eabi/4.9.3/armv7-m/crtn.o
 *crtbegin.o(.ctors)
 *crtbegin?.o(.ctors)
 *(EXCLUDE_FILE(*crtend.o *crtend?.o) .ctors)
 *(SORT(.ctors.*))
 *(.ctors)
 *crtbegin.o(.dtors)
 *crtbegin?.o(.dtors)
 *(EXCLUDE_FILE(*crtend.o *crtend?.o) .dtors)
 *(SORT(.dtors.*))
 *(.dtors)
 *(.rodata*)
 .rodata.str1.4
                0x000079ec        0x9 main.o
                                  0xc (size before relaxing)
 *fill*         0x000079f5        0x3 
 .rodata.str1.4
                0x000079f8       0x80 mbed/TARGET_LPC1768/TOOLCHAIN_GCC_ARM/board.o
 .rodata.__stdin_name
                0x00007a78        0x8 mbed/TARGET_LPC1768/TOOLCHAIN_GCC_ARM/retarget.o
                0x00007a78                __stdin_name
 .rodata.__stderr_name
                0x00007a80        0x8 mbed/TARGET_LPC1768/TOOLCHAIN_GCC_ARM/retarget.o
                0x00007a80                __stderr_name
 .rodata.__stdout_name
                0x00007a88        0x8 mbed/TARGET_LPC1768/TOOLCHAIN_GCC_ARM/retarget.o
                0x00007a88                __stdout_name
 .rodata._ZTVN4mbed10FileHandleE
                0x00007a90       0x30 mbed/TARGET_LPC1768/TOOLCHAIN_GCC_ARM/retarget.o
                0x00007a90                vtable for mbed::FileHandle
 .rodata.str1.4
                0x00007ac0        0xe mbed/TARGET_LPC1768/TOOLCHAIN_GCC_ARM/retarget.o
                                 0x10 (size before relaxing)
 *fill*         0x00007ace        0x2 
 .rodata.PinMap_UART_RTS
                0x00007ad0       0x24 ./mbed/TARGET_LPC1768/TOOLCHAIN_GCC_ARM\libmbed.a(serial_api.o)
 .rodata.CSWTCH.24
                0x00007af4       0x10 ./mbed/TARGET_LPC1768/TOOLCHAIN_GCC_ARM\libmbed.a(serial_api.o)
 .rodata.PinMap_UART_RX
                0x00007b04       0x6c ./mbed/TARGET_LPC1768/TOOLCHAIN_GCC_ARM\libmbed.a(serial_api.o)
 .rodata.str1.4
                0x00007b70      0x1d0 ./mbed/TARGET_LPC1768/TOOLCHAIN_GCC_ARM\libmbed.a(serial_api.o)
                                0x1e8 (size before relaxing)
 .rodata.PinMap_UART_TX
                0x00007d40       0x6c ./mbed/TARGET_LPC1768/TOOLCHAIN_GCC_ARM\libmbed.a(serial_api.o)
 .rodata.PinMap_UART_CTS
                0x00007dac       0x24 ./mbed/TARGET_LPC1768/TOOLCHAIN_GCC_ARM\libmbed.a(serial_api.o)
 .rodata._ZTVN4mbed10SerialBaseE
                0x00007dd0       0x10 ./mbed/TARGET_LPC1768/TOOLCHAIN_GCC_ARM\libmbed.a(Serial.o)
                0x00007dd0                vtable for mbed::SerialBase
 .rodata._ZTVN4mbed6SerialE
                0x00007de0       0x60 ./mbed/TARGET_LPC1768/TOOLCHAIN_GCC_ARM\libmbed.a(Serial.o)
                0x00007de0                vtable for mbed::Serial
 .rodata._ZTVN4mbed6StreamE
                0x00007e40       0x48 ./mbed/TARGET_LPC1768/TOOLCHAIN_GCC_ARM\libmbed.a(Stream.o)
                0x00007e40                vtable for mbed::Stream
 .rodata.str1.4
                0x00007e88        0x3 ./mbed/TARGET_LPC1768/TOOLCHAIN_GCC_ARM\libmbed.a(Stream.o)
                                  0x8 (size before relaxing)
 *fill*         0x00007e8b        0x1 
 .rodata.str1.4
                0x00007e8c       0x31 ./mbed/TARGET_LPC1768/TOOLCHAIN_GCC_ARM\libmbed.a(assert.o)
                                 0x34 (size before relaxing)
 .rodata.str1.4
                0x00000000       0x80 ./mbed/TARGET_LPC1768/TOOLCHAIN_GCC_ARM\libmbed.a(gpio.o)
 *fill*         0x00007ebd        0x3 
 .rodata.str1.4
                0x00007ec0       0x66 ./mbed/TARGET_LPC1768/TOOLCHAIN_GCC_ARM\libmbed.a(pinmap_common.o)
                                 0x68 (size before relaxing)
 *fill*         0x00007f26        0x2 
 .rodata.str1.4
                0x00007f28       0x7a ./mbed/TARGET_LPC1768/TOOLCHAIN_GCC_ARM\libmbed.a(gpio_api.o)
                                 0x94 (size before relaxing)
 *fill*         0x00007fa2        0x2 
 .rodata.str1.4
                0x00007fa4       0x64 ./mbed/TARGET_LPC1768/TOOLCHAIN_GCC_ARM\libmbed.a(pinmap.o)
                                 0x78 (size before relaxing)
 .rodata._ZTVN4mbed8FileBaseE
                0x00008008       0x10 ./mbed/TARGET_LPC1768/TOOLCHAIN_GCC_ARM\libmbed.a(FileBase.o)
                0x00008008                vtable for mbed::FileBase
 .rodata._ZTVN4mbed8FileLikeE
                0x00008018       0x40 ./mbed/TARGET_LPC1768/TOOLCHAIN_GCC_ARM\libmbed.a(FileLike.o)
                0x00008018                vtable for mbed::FileLike
 .rodata.us_interface
                0x00008058       0x14 ./mbed/TARGET_LPC1768/TOOLCHAIN_GCC_ARM\libmbed.a(us_ticker_api.o)
 .rodata.us_data
                0x0000806c        0x8 ./mbed/TARGET_LPC1768/TOOLCHAIN_GCC_ARM\libmbed.a(us_ticker_api.o)
 .rodata.__sf_fake_stdin
                0x00008074       0x20 c:/gnuarmembedded/bin/../lib/gcc/arm-none-eabi/4.9.3/../../../../arm-none-eabi/lib/armv7-m\libc_nano.a(lib_a-findfp.o)
                0x00008074                __sf_fake_stdin
 .rodata.__sf_fake_stdout
                0x00008094       0x20 c:/gnuarmembedded/bin/../lib/gcc/arm-none-eabi/4.9.3/../../../../arm-none-eabi/lib/armv7-m\libc_nano.a(lib_a-findfp.o)
                0x00008094                __sf_fake_stdout
 .rodata.__sf_fake_stderr
                0x000080b4       0x20 c:/gnuarmembedded/bin/../lib/gcc/arm-none-eabi/4.9.3/../../../../arm-none-eabi/lib/armv7-m\libc_nano.a(lib_a-findfp.o)
                0x000080b4                __sf_fake_stderr
 .rodata.str1.1
                0x000080d4        0x2 c:/gnuarmembedded/bin/../lib/gcc/arm-none-eabi/4.9.3/../../../../arm-none-eabi/lib/armv7-m\libc_nano.a(lib_a-impure.o)
 *fill*         0x000080d6        0x2 
 .rodata._global_impure_ptr
                0x000080d8        0x4 c:/gnuarmembedded/bin/../lib/gcc/arm-none-eabi/4.9.3/../../../../arm-none-eabi/lib/armv7-m\libc_nano.a(lib_a-impure.o)
                0x000080d8                _global_impure_ptr
 .rodata.str1.1
                0x000080dc       0x11 c:/gnuarmembedded/bin/../lib/gcc/arm-none-eabi/4.9.3/../../../../arm-none-eabi/lib/armv7-m\libc_nano.a(lib_a-nano-vfprintf.o)
 .rodata.str1.1
                0x000080ed       0x10 c:/gnuarmembedded/bin/../lib/gcc/arm-none-eabi/4.9.3/../../../../arm-none-eabi/lib/armv7-m\libc_nano.a(lib_a-nano-vfprintf_float.o)
                                 0x12 (size before relaxing)
 .rodata.str1.1
                0x000080fd       0x22 c:/gnuarmembedded/bin/../lib/gcc/arm-none-eabi/4.9.3/../../../../arm-none-eabi/lib/armv7-m\libc_nano.a(lib_a-nano-vfprintf_i.o)
 .rodata.str1.1
                0x0000811f        0x5 c:/gnuarmembedded/bin/../lib/gcc/arm-none-eabi/4.9.3/../../../../arm-none-eabi/lib/armv7-m\libc_nano.a(lib_a-nano-vfscanf_float.o)
 .rodata        0x00008124        0xc c:/gnuarmembedded/bin/../lib/gcc/arm-none-eabi/4.9.3/../../../../arm-none-eabi/lib/armv7-m\libc_nano.a(lib_a-nano-vfscanf_i.o)
 .rodata.str1.1
                0x00008130       0x1b c:/gnuarmembedded/bin/../lib/gcc/arm-none-eabi/4.9.3/../../../../arm-none-eabi/lib/armv7-m\libc_nano.a(lib_a-nano-vfscanf_i.o)
 *fill*         0x0000814b        0x1 
 .rodata.fpinan.5309
                0x0000814c       0x14 c:/gnuarmembedded/bin/../lib/gcc/arm-none-eabi/4.9.3/../../../../arm-none-eabi/lib/armv7-m\libc_nano.a(lib_a-strtod.o)
 .rodata.str1.1
                0x00000000       0x1b c:/gnuarmembedded/bin/../lib/gcc/arm-none-eabi/4.9.3/../../../../arm-none-eabi/lib/armv7-m\libc_nano.a(lib_a-strtod.o)
                                  0xc (size before relaxing)
 .rodata.tinytens
                0x00008160       0x28 c:/gnuarmembedded/bin/../lib/gcc/arm-none-eabi/4.9.3/../../../../arm-none-eabi/lib/armv7-m\libc_nano.a(lib_a-strtod.o)
 .rodata.fpi.5273
                0x00008188       0x14 c:/gnuarmembedded/bin/../lib/gcc/arm-none-eabi/4.9.3/../../../../arm-none-eabi/lib/armv7-m\libc_nano.a(lib_a-strtod.o)
 .rodata._ctype_
                0x0000819c      0x101 c:/gnuarmembedded/bin/../lib/gcc/arm-none-eabi/4.9.3/../../../../arm-none-eabi/lib/armv7-m\libc_nano.a(lib_a-ctype_.o)
                0x0000819c                _ctype_
 .rodata.str1.1
                0x0000829d        0xd c:/gnuarmembedded/bin/../lib/gcc/arm-none-eabi/4.9.3/../../../../arm-none-eabi/lib/armv7-m\libc_nano.a(lib_a-dtoa.o)
                                  0xf (size before relaxing)
 .rodata.str1.1
                0x000082aa        0x8 c:/gnuarmembedded/bin/../lib/gcc/arm-none-eabi/4.9.3/../../../../arm-none-eabi/lib/armv7-m\libc_nano.a(lib_a-locale.o)
                                  0xb (size before relaxing)
 *fill*         0x000082b2        0x6 
 .rodata.__mprec_tens
                0x000082b8       0xc8 c:/gnuarmembedded/bin/../lib/gcc/arm-none-eabi/4.9.3/../../../../arm-none-eabi/lib/armv7-m\libc_nano.a(lib_a-mprec.o)
                0x000082b8                __mprec_tens
 .rodata.__mprec_bigtens
                0x00008380       0x28 c:/gnuarmembedded/bin/../lib/gcc/arm-none-eabi/4.9.3/../../../../arm-none-eabi/lib/armv7-m\libc_nano.a(lib_a-mprec.o)
                0x00008380                __mprec_bigtens
 .rodata.p05.5308
                0x000083a8        0xc c:/gnuarmembedded/bin/../lib/gcc/arm-none-eabi/4.9.3/../../../../arm-none-eabi/lib/armv7-m\libc_nano.a(lib_a-mprec.o)
 .rodata.str1.1
                0x00000000       0x11 c:/gnuarmembedded/bin/../lib/gcc/arm-none-eabi/4.9.3/../../../../arm-none-eabi/lib/armv7-m\libc_nano.a(lib_a-nano-svfprintf.o)
 .rodata.str1.1
                0x00000000        0x4 c:/gnuarmembedded/bin/../lib/gcc/arm-none-eabi/4.9.3/../../../../arm-none-eabi/lib/armv7-m\libc_nano.a(lib_a-nano-svfscanf.o)
 *(.eh_frame*)
 .eh_frame      0x000083b4        0x0 c:/gnuarmembedded/bin/../lib/gcc/arm-none-eabi/4.9.3/armv7-m/crtbegin.o
 .eh_frame      0x000083b4       0x28 c:/gnuarmembedded/bin/../lib/gcc/arm-none-eabi/4.9.3/../../../../arm-none-eabi/lib/armv7-m\libc_nano.a(lib_a-strcmp.o)
 .eh_frame      0x000083dc        0x4 c:/gnuarmembedded/bin/../lib/gcc/arm-none-eabi/4.9.3/armv7-m/crtend.o

.glue_7         0x000083e0        0x0
 .glue_7        0x00000000        0x0 linker stubs

.glue_7t        0x000083e0        0x0
 .glue_7t       0x00000000        0x0 linker stubs

.vfp11_veneer   0x000083e0        0x0
 .vfp11_veneer  0x00000000        0x0 linker stubs

.v4_bx          0x000083e0        0x0
 .v4_bx         0x00000000        0x0 linker stubs

.iplt           0x000083e0        0x0
 .iplt          0x00000000        0x0 c:/gnuarmembedded/bin/../lib/gcc/arm-none-eabi/4.9.3/armv7-m/crtbegin.o

.ARM.extab
 *(.ARM.extab* .gnu.linkonce.armextab.*)
                0x000083e0                __exidx_start = .

.ARM.exidx      0x000083e0        0x8
 *(.ARM.exidx* .gnu.linkonce.armexidx.*)
 .ARM.exidx     0x000083e0        0x8 c:/gnuarmembedded/bin/../lib/gcc/arm-none-eabi/4.9.3/../../../../arm-none-eabi/lib/armv7-m/crt0.o
                0x000083e8                __exidx_end = .
                0x000083e8                __etext = .

.rel.dyn        0x000083e8        0x0
 .rel.iplt      0x00000000        0x0 c:/gnuarmembedded/bin/../lib/gcc/arm-none-eabi/4.9.3/armv7-m/crtbegin.o

.data           0x100000c8       0xb8 load address 0x000083e8
                0x100000c8                __data_start__ = .
                0x100000c8                Image$$RW_IRAM1$$Base = .
 *(vtable)
 *(.data*)
 .data          0x100000c8        0x4 c:/gnuarmembedded/bin/../lib/gcc/arm-none-eabi/4.9.3/armv7-m/crtbegin.o
                0x100000c8                __dso_handle
 .data.SystemCoreClock
                0x100000cc        0x4 mbed/TARGET_LPC1768/TOOLCHAIN_GCC_ARM/system_LPC17xx.o
                0x100000cc                SystemCoreClock
 .data._ZZ5_sbrkE4heap
                0x100000d0        0x4 mbed/TARGET_LPC1768/TOOLCHAIN_GCC_ARM/retarget.o
 .data.impure_data
                0x100000d4       0x60 c:/gnuarmembedded/bin/../lib/gcc/arm-none-eabi/4.9.3/../../../../arm-none-eabi/lib/armv7-m\libc_nano.a(lib_a-impure.o)
 .data._impure_ptr
                0x10000134        0x4 c:/gnuarmembedded/bin/../lib/gcc/arm-none-eabi/4.9.3/../../../../arm-none-eabi/lib/armv7-m\libc_nano.a(lib_a-impure.o)
                0x10000134                _impure_ptr
 .data.__ctype_ptr__
                0x10000138        0x4 c:/gnuarmembedded/bin/../lib/gcc/arm-none-eabi/4.9.3/../../../../arm-none-eabi/lib/armv7-m\libc_nano.a(lib_a-ctype_.o)
                0x10000138                __ctype_ptr__
 .data.lconv    0x1000013c       0x38 c:/gnuarmembedded/bin/../lib/gcc/arm-none-eabi/4.9.3/../../../../arm-none-eabi/lib/armv7-m\libc_nano.a(lib_a-locale.o)
                0x10000174                . = ALIGN (0x4)
                0x10000174                PROVIDE (__preinit_array_start, .)
 *(.preinit_array)
                0x10000174                PROVIDE (__preinit_array_end, .)
                0x10000174                . = ALIGN (0x4)
                0x10000174                PROVIDE (__init_array_start, .)
 *(SORT(.init_array.*))
 *(.init_array)
 .init_array    0x10000174        0x4 c:/gnuarmembedded/bin/../lib/gcc/arm-none-eabi/4.9.3/armv7-m/crtbegin.o
 .init_array    0x10000178        0x4 main.o
                0x1000017c                PROVIDE (__init_array_end, .)
                0x1000017c                . = ALIGN (0x4)
                0x1000017c                PROVIDE (__fini_array_start, .)
 *(SORT(.fini_array.*))
 *(.fini_array)
 .fini_array    0x1000017c        0x4 c:/gnuarmembedded/bin/../lib/gcc/arm-none-eabi/4.9.3/armv7-m/crtbegin.o
                0x10000180                PROVIDE (__fini_array_end, .)
                0x10000180                . = ALIGN (0x4)
                0x10000180                __data_end__ = .

.jcr            0x10000180        0x0 load address 0x000084a0
 .jcr           0x10000180        0x0 c:/gnuarmembedded/bin/../lib/gcc/arm-none-eabi/4.9.3/armv7-m/crtbegin.o

.igot.plt       0x10000180        0x0 load address 0x000084a0
 .igot.plt      0x00000000        0x0 c:/gnuarmembedded/bin/../lib/gcc/arm-none-eabi/4.9.3/armv7-m/crtbegin.o

.bss            0x10000180      0x398 load address 0x000084a0
                0x10000180                __bss_start__ = .
 *(.bss*)
 .bss           0x10000180       0x1c c:/gnuarmembedded/bin/../lib/gcc/arm-none-eabi/4.9.3/armv7-m/crtbegin.o
 .bss.led1      0x1000019c       0x18 main.o
                0x1000019c                led1
 .bss.led2      0x100001b4       0x18 main.o
                0x100001b4                led2
 .bss.led3      0x100001cc       0x18 main.o
                0x100001cc                led3
 .bss.led4      0x100001e4       0x18 main.o
                0x100001e4                led4
 .bss.pc        0x100001fc       0x58 main.o
                0x100001fc                pc
 .bss.async_port
                0x10000254       0x58 main.o
                0x10000254                async_port
 .bss.ledArr    0x100002ac       0x60 main.o
                0x100002ac                ledArr
 .bss._ZL11filehandles
                0x1000030c      0x100 mbed/TARGET_LPC1768/TOOLCHAIN_GCC_ARM/retarget.o
 .bss.stdio_uart_inited
                0x1000040c        0x4 ./mbed/TARGET_LPC1768/TOOLCHAIN_GCC_ARM\libmbed.a(serial_api.o)
                0x1000040c                stdio_uart_inited
 .bss.irq_handler
                0x10000410        0x4 ./mbed/TARGET_LPC1768/TOOLCHAIN_GCC_ARM\libmbed.a(serial_api.o)
 .bss.uart_data
                0x10000414       0xe0 ./mbed/TARGET_LPC1768/TOOLCHAIN_GCC_ARM\libmbed.a(serial_api.o)
 .bss.us_ticker_inited
                0x100004f4        0x4 ./mbed/TARGET_LPC1768/TOOLCHAIN_GCC_ARM\libmbed.a(us_ticker.o)
                0x100004f4                us_ticker_inited
 .bss._ZN4mbed8FileBase5_headE
                0x100004f8        0x4 ./mbed/TARGET_LPC1768/TOOLCHAIN_GCC_ARM\libmbed.a(FileBase.o)
                0x100004f8                mbed::FileBase::_head
 .bss.events    0x100004fc        0x8 ./mbed/TARGET_LPC1768/TOOLCHAIN_GCC_ARM\libmbed.a(us_ticker_api.o)
 .bss.__malloc_sbrk_start
                0x10000504        0x4 c:/gnuarmembedded/bin/../lib/gcc/arm-none-eabi/4.9.3/../../../../arm-none-eabi/lib/armv7-m\libc_nano.a(lib_a-nano-mallocr.o)
                0x10000504                __malloc_sbrk_start
 .bss.__malloc_free_list
                0x10000508        0x4 c:/gnuarmembedded/bin/../lib/gcc/arm-none-eabi/4.9.3/../../../../arm-none-eabi/lib/armv7-m\libc_nano.a(lib_a-nano-mallocr.o)
                0x10000508                __malloc_free_list
 *(COMMON)
 COMMON         0x1000050c        0x8 ./mbed/TARGET_LPC1768/TOOLCHAIN_GCC_ARM\libmbed.a(serial_api.o)
                0x1000050c                stdio_uart
 COMMON         0x10000514        0x4 c:/gnuarmembedded/bin/../lib/gcc/arm-none-eabi/4.9.3/../../../../arm-none-eabi/lib/armv7-m\libc_nano.a(lib_a-reent.o)
                0x10000514                errno
                0x10000518                __bss_end__ = .
                0x10000518                Image$$RW_IRAM1$$ZI$$Limit = .

.heap           0x10000518      0x800
                0x10000518                __end__ = .
                0x10000518                end = __end__
 *(.heap*)
 .heap          0x10000518      0x800 mbed/TARGET_LPC1768/TOOLCHAIN_GCC_ARM/startup_LPC17xx.o
                0x10000518                __HeapBase
                0x10000d18                __HeapLimit = .

.stack_dummy    0x10000518      0xc00
 *(.stack)
 .stack         0x10000518      0xc00 mbed/TARGET_LPC1768/TOOLCHAIN_GCC_ARM/startup_LPC17xx.o
                0x10008000                __StackTop = (ORIGIN (RAM) + 0x7f38)
                0x10007400                __StackLimit = (__StackTop - SIZEOF (.stack_dummy))
                0x10008000                PROVIDE (__stack, __StackTop)
                0x00000001                ASSERT ((__StackLimit >= __HeapLimit), region RAM overflowed with stack)

.AHBSRAM0       0x2007c000        0x0
                0x2007c000                Image$$RW_IRAM2$$Base = .
 *(AHBSRAM0)
                0x2007c000                Image$$RW_IRAM2$$ZI$$Limit = .

.AHBSRAM1       0x20080000        0x0
                0x20080000                Image$$RW_IRAM3$$Base = .
 *(AHBSRAM1)
                0x20080000                Image$$RW_IRAM3$$ZI$$Limit = .
OUTPUT(homework4.elf elf32-littlearm)

.ARM.attributes
                0x00000000       0x29
 .ARM.attributes
                0x00000000       0x1d c:/gnuarmembedded/bin/../lib/gcc/arm-none-eabi/4.9.3/armv7-m/crti.o
 .ARM.attributes
                0x0000001d       0x2d c:/gnuarmembedded/bin/../lib/gcc/arm-none-eabi/4.9.3/armv7-m/crtbegin.o
 .ARM.attributes
                0x0000004a       0x1b c:/gnuarmembedded/bin/../lib/gcc/arm-none-eabi/4.9.3/../../../../arm-none-eabi/lib/armv7-m/crt0.o
 .ARM.attributes
                0x00000065       0x33 main.o
 .ARM.attributes
                0x00000098       0x33 mbed/TARGET_LPC1768/TOOLCHAIN_GCC_ARM/cmsis_nvic.o
 .ARM.attributes
                0x000000cb       0x33 mbed/TARGET_LPC1768/TOOLCHAIN_GCC_ARM/system_LPC17xx.o
 .ARM.attributes
                0x000000fe       0x33 mbed/TARGET_LPC1768/TOOLCHAIN_GCC_ARM/board.o
 .ARM.attributes
                0x00000131       0x33 mbed/TARGET_LPC1768/TOOLCHAIN_GCC_ARM/retarget.o
 .ARM.attributes
                0x00000164       0x1b mbed/TARGET_LPC1768/TOOLCHAIN_GCC_ARM/startup_LPC17xx.o
 .ARM.attributes
                0x0000017f       0x33 ./mbed/TARGET_LPC1768/TOOLCHAIN_GCC_ARM\libmbed.a(serial_api.o)
 .ARM.attributes
                0x000001b2       0x33 ./mbed/TARGET_LPC1768/TOOLCHAIN_GCC_ARM\libmbed.a(FilePath.o)
 .ARM.attributes
                0x000001e5       0x33 ./mbed/TARGET_LPC1768/TOOLCHAIN_GCC_ARM\libmbed.a(Serial.o)
 .ARM.attributes
                0x00000218       0x33 ./mbed/TARGET_LPC1768/TOOLCHAIN_GCC_ARM\libmbed.a(SerialBase.o)
 .ARM.attributes
                0x0000024b       0x33 ./mbed/TARGET_LPC1768/TOOLCHAIN_GCC_ARM\libmbed.a(Stream.o)
 .ARM.attributes
                0x0000027e       0x33 ./mbed/TARGET_LPC1768/TOOLCHAIN_GCC_ARM\libmbed.a(assert.o)
 .ARM.attributes
                0x000002b1       0x33 ./mbed/TARGET_LPC1768/TOOLCHAIN_GCC_ARM\libmbed.a(error.o)
 .ARM.attributes
                0x000002e4       0x33 ./mbed/TARGET_LPC1768/TOOLCHAIN_GCC_ARM\libmbed.a(gpio.o)
 .ARM.attributes
                0x00000317       0x33 ./mbed/TARGET_LPC1768/TOOLCHAIN_GCC_ARM\libmbed.a(mbed_interface.o)
 .ARM.attributes
                0x0000034a       0x33 ./mbed/TARGET_LPC1768/TOOLCHAIN_GCC_ARM\libmbed.a(pinmap_common.o)
 .ARM.attributes
                0x0000037d       0x33 ./mbed/TARGET_LPC1768/TOOLCHAIN_GCC_ARM\libmbed.a(semihost_api.o)
 .ARM.attributes
                0x000003b0       0x33 ./mbed/TARGET_LPC1768/TOOLCHAIN_GCC_ARM\libmbed.a(wait_api.o)
 .ARM.attributes
                0x000003e3       0x33 ./mbed/TARGET_LPC1768/TOOLCHAIN_GCC_ARM\libmbed.a(gpio_api.o)
 .ARM.attributes
                0x00000416       0x33 ./mbed/TARGET_LPC1768/TOOLCHAIN_GCC_ARM\libmbed.a(pinmap.o)
 .ARM.attributes
                0x00000449       0x33 ./mbed/TARGET_LPC1768/TOOLCHAIN_GCC_ARM\libmbed.a(us_ticker.o)
 .ARM.attributes
                0x0000047c       0x33 ./mbed/TARGET_LPC1768/TOOLCHAIN_GCC_ARM\libmbed.a(FileBase.o)
 .ARM.attributes
                0x000004af       0x33 ./mbed/TARGET_LPC1768/TOOLCHAIN_GCC_ARM\libmbed.a(FileLike.o)
 .ARM.attributes
                0x000004e2       0x33 ./mbed/TARGET_LPC1768/TOOLCHAIN_GCC_ARM\libmbed.a(us_ticker_api.o)
 .ARM.attributes
                0x00000515       0x33 ./mbed/TARGET_LPC1768/TOOLCHAIN_GCC_ARM\libmbed.a(ticker_api.o)
 .ARM.attributes
                0x00000548       0x2d c:/gnuarmembedded/bin/../lib/gcc/arm-none-eabi/4.9.3/../../../../arm-none-eabi/lib/armv7-m\libstdc++_nano.a(del_op.o)
 .ARM.attributes
                0x00000575       0x2d c:/gnuarmembedded/bin/../lib/gcc/arm-none-eabi/4.9.3/../../../../arm-none-eabi/lib/armv7-m\libstdc++_nano.a(atexit_arm.o)
 .ARM.attributes
                0x000005a2       0x2d c:/gnuarmembedded/bin/../lib/gcc/arm-none-eabi/4.9.3/../../../../arm-none-eabi/lib/armv7-m\libc_nano.a(lib_a-abs.o)
 .ARM.attributes
                0x000005cf       0x2d c:/gnuarmembedded/bin/../lib/gcc/arm-none-eabi/4.9.3/../../../../arm-none-eabi/lib/armv7-m\libc_nano.a(lib_a-cxa_atexit.o)
 .ARM.attributes
                0x000005fc       0x2d c:/gnuarmembedded/bin/../lib/gcc/arm-none-eabi/4.9.3/../../../../arm-none-eabi/lib/armv7-m\libc_nano.a(lib_a-errno.o)
 .ARM.attributes
                0x00000629       0x2d c:/gnuarmembedded/bin/../lib/gcc/arm-none-eabi/4.9.3/../../../../arm-none-eabi/lib/armv7-m\libc_nano.a(lib_a-exit.o)
 .ARM.attributes
                0x00000656       0x2d c:/gnuarmembedded/bin/../lib/gcc/arm-none-eabi/4.9.3/../../../../arm-none-eabi/lib/armv7-m\libc_nano.a(lib_a-fclose.o)
 .ARM.attributes
                0x00000683       0x2d c:/gnuarmembedded/bin/../lib/gcc/arm-none-eabi/4.9.3/../../../../arm-none-eabi/lib/armv7-m\libc_nano.a(lib_a-fflush.o)
 .ARM.attributes
                0x000006b0       0x2d c:/gnuarmembedded/bin/../lib/gcc/arm-none-eabi/4.9.3/../../../../arm-none-eabi/lib/armv7-m\libc_nano.a(lib_a-fgetc.o)
 .ARM.attributes
                0x000006dd       0x2d c:/gnuarmembedded/bin/../lib/gcc/arm-none-eabi/4.9.3/../../../../arm-none-eabi/lib/armv7-m\libc_nano.a(lib_a-findfp.o)
 .ARM.attributes
                0x0000070a       0x2d c:/gnuarmembedded/bin/../lib/gcc/arm-none-eabi/4.9.3/../../../../arm-none-eabi/lib/armv7-m\libc_nano.a(lib_a-fopen.o)
 .ARM.attributes
                0x00000737       0x2d c:/gnuarmembedded/bin/../lib/gcc/arm-none-eabi/4.9.3/../../../../arm-none-eabi/lib/armv7-m\libc_nano.a(lib_a-fprintf.o)
 .ARM.attributes
                0x00000764       0x2d c:/gnuarmembedded/bin/../lib/gcc/arm-none-eabi/4.9.3/../../../../arm-none-eabi/lib/armv7-m\libc_nano.a(lib_a-fputc.o)
 .ARM.attributes
                0x00000791       0x2d c:/gnuarmembedded/bin/../lib/gcc/arm-none-eabi/4.9.3/../../../../arm-none-eabi/lib/armv7-m\libc_nano.a(lib_a-fseek.o)
 .ARM.attributes
                0x000007be       0x2d c:/gnuarmembedded/bin/../lib/gcc/arm-none-eabi/4.9.3/../../../../arm-none-eabi/lib/armv7-m\libc_nano.a(lib_a-fseeko.o)
 .ARM.attributes
                0x000007eb       0x2d c:/gnuarmembedded/bin/../lib/gcc/arm-none-eabi/4.9.3/../../../../arm-none-eabi/lib/armv7-m\libc_nano.a(lib_a-fwalk.o)
 .ARM.attributes
                0x00000818       0x2d c:/gnuarmembedded/bin/../lib/gcc/arm-none-eabi/4.9.3/../../../../arm-none-eabi/lib/armv7-m\libc_nano.a(lib_a-impure.o)
 .ARM.attributes
                0x00000845       0x2d c:/gnuarmembedded/bin/../lib/gcc/arm-none-eabi/4.9.3/../../../../arm-none-eabi/lib/armv7-m\libc_nano.a(lib_a-init.o)
 .ARM.attributes
                0x00000872       0x2d c:/gnuarmembedded/bin/../lib/gcc/arm-none-eabi/4.9.3/../../../../arm-none-eabi/lib/armv7-m\libc_nano.a(lib_a-makebuf.o)
 .ARM.attributes
                0x0000089f       0x2d c:/gnuarmembedded/bin/../lib/gcc/arm-none-eabi/4.9.3/../../../../arm-none-eabi/lib/armv7-m\libc_nano.a(lib_a-malloc.o)
 .ARM.attributes
                0x000008cc       0x2d c:/gnuarmembedded/bin/../lib/gcc/arm-none-eabi/4.9.3/../../../../arm-none-eabi/lib/armv7-m\libc_nano.a(lib_a-memchr.o)
 .ARM.attributes
                0x000008f9       0x2d c:/gnuarmembedded/bin/../lib/gcc/arm-none-eabi/4.9.3/../../../../arm-none-eabi/lib/armv7-m\libc_nano.a(lib_a-memcpy.o)
 .ARM.attributes
                0x00000926       0x2d c:/gnuarmembedded/bin/../lib/gcc/arm-none-eabi/4.9.3/../../../../arm-none-eabi/lib/armv7-m\libc_nano.a(lib_a-memset.o)
 .ARM.attributes
                0x00000953       0x2d c:/gnuarmembedded/bin/../lib/gcc/arm-none-eabi/4.9.3/../../../../arm-none-eabi/lib/armv7-m\libc_nano.a(lib_a-nano-freer.o)
 .ARM.attributes
                0x00000980       0x2d c:/gnuarmembedded/bin/../lib/gcc/arm-none-eabi/4.9.3/../../../../arm-none-eabi/lib/armv7-m\libc_nano.a(lib_a-nano-mallocr.o)
 .ARM.attributes
                0x000009ad       0x2d c:/gnuarmembedded/bin/../lib/gcc/arm-none-eabi/4.9.3/../../../../arm-none-eabi/lib/armv7-m\libc_nano.a(lib_a-nano-vfprintf.o)
 .ARM.attributes
                0x000009da       0x2d c:/gnuarmembedded/bin/../lib/gcc/arm-none-eabi/4.9.3/../../../../arm-none-eabi/lib/armv7-m\libc_nano.a(lib_a-nano-vfprintf_float.o)
 .ARM.attributes
                0x00000a07       0x2d c:/gnuarmembedded/bin/../lib/gcc/arm-none-eabi/4.9.3/../../../../arm-none-eabi/lib/armv7-m\libc_nano.a(lib_a-nano-vfprintf_i.o)
 .ARM.attributes
                0x00000a34       0x2d c:/gnuarmembedded/bin/../lib/gcc/arm-none-eabi/4.9.3/../../../../arm-none-eabi/lib/armv7-m\libc_nano.a(lib_a-nano-vfscanf_float.o)
 .ARM.attributes
                0x00000a61       0x2d c:/gnuarmembedded/bin/../lib/gcc/arm-none-eabi/4.9.3/../../../../arm-none-eabi/lib/armv7-m\libc_nano.a(lib_a-nano-vfscanf_i.o)
 .ARM.attributes
                0x00000a8e       0x2d c:/gnuarmembedded/bin/../lib/gcc/arm-none-eabi/4.9.3/../../../../arm-none-eabi/lib/armv7-m\libc_nano.a(lib_a-openr.o)
 .ARM.attributes
                0x00000abb       0x2d c:/gnuarmembedded/bin/../lib/gcc/arm-none-eabi/4.9.3/../../../../arm-none-eabi/lib/armv7-m\libc_nano.a(lib_a-putc.o)
 .ARM.attributes
                0x00000ae8       0x2d c:/gnuarmembedded/bin/../lib/gcc/arm-none-eabi/4.9.3/../../../../arm-none-eabi/lib/armv7-m\libc_nano.a(lib_a-reent.o)
 .ARM.attributes
                0x00000b15       0x2d c:/gnuarmembedded/bin/../lib/gcc/arm-none-eabi/4.9.3/../../../../arm-none-eabi/lib/armv7-m\libc_nano.a(lib_a-refill.o)
 .ARM.attributes
                0x00000b42       0x2d c:/gnuarmembedded/bin/../lib/gcc/arm-none-eabi/4.9.3/../../../../arm-none-eabi/lib/armv7-m\libc_nano.a(lib_a-rget.o)
 .ARM.attributes
                0x00000b6f       0x2d c:/gnuarmembedded/bin/../lib/gcc/arm-none-eabi/4.9.3/../../../../arm-none-eabi/lib/armv7-m\libc_nano.a(lib_a-s_fpclassify.o)
 .ARM.attributes
                0x00000b9c       0x2d c:/gnuarmembedded/bin/../lib/gcc/arm-none-eabi/4.9.3/../../../../arm-none-eabi/lib/armv7-m\libc_nano.a(lib_a-sbrkr.o)
 .ARM.attributes
                0x00000bc9       0x2d c:/gnuarmembedded/bin/../lib/gcc/arm-none-eabi/4.9.3/../../../../arm-none-eabi/lib/armv7-m\libc_nano.a(lib_a-sccl.o)
 .ARM.attributes
                0x00000bf6       0x2d c:/gnuarmembedded/bin/../lib/gcc/arm-none-eabi/4.9.3/../../../../arm-none-eabi/lib/armv7-m\libc_nano.a(lib_a-setbuf.o)
 .ARM.attributes
                0x00000c23       0x2d c:/gnuarmembedded/bin/../lib/gcc/arm-none-eabi/4.9.3/../../../../arm-none-eabi/lib/armv7-m\libc_nano.a(lib_a-setvbuf.o)
 .ARM.attributes
                0x00000c50       0x2d c:/gnuarmembedded/bin/../lib/gcc/arm-none-eabi/4.9.3/../../../../arm-none-eabi/lib/armv7-m\libc_nano.a(lib_a-sf_nan.o)
 .ARM.attributes
                0x00000c7d       0x2d c:/gnuarmembedded/bin/../lib/gcc/arm-none-eabi/4.9.3/../../../../arm-none-eabi/lib/armv7-m\libc_nano.a(lib_a-sprintf.o)
 .ARM.attributes
                0x00000caa       0x2d c:/gnuarmembedded/bin/../lib/gcc/arm-none-eabi/4.9.3/../../../../arm-none-eabi/lib/armv7-m\libc_nano.a(lib_a-sscanf.o)
 .ARM.attributes
                0x00000cd7       0x2d c:/gnuarmembedded/bin/../lib/gcc/arm-none-eabi/4.9.3/../../../../arm-none-eabi/lib/armv7-m\libc_nano.a(lib_a-stdio.o)
 .ARM.attributes
                0x00000d04       0x1b c:/gnuarmembedded/bin/../lib/gcc/arm-none-eabi/4.9.3/../../../../arm-none-eabi/lib/armv7-m\libc_nano.a(lib_a-strcmp.o)
 .ARM.attributes
                0x00000d1f       0x2d c:/gnuarmembedded/bin/../lib/gcc/arm-none-eabi/4.9.3/../../../../arm-none-eabi/lib/armv7-m\libc_nano.a(lib_a-strlen.o)
 .ARM.attributes
                0x00000d4c       0x2d c:/gnuarmembedded/bin/../lib/gcc/arm-none-eabi/4.9.3/../../../../arm-none-eabi/lib/armv7-m\libc_nano.a(lib_a-strncmp.o)
 .ARM.attributes
                0x00000d79       0x2d c:/gnuarmembedded/bin/../lib/gcc/arm-none-eabi/4.9.3/../../../../arm-none-eabi/lib/armv7-m\libc_nano.a(lib_a-strtod.o)
 .ARM.attributes
                0x00000da6       0x2d c:/gnuarmembedded/bin/../lib/gcc/arm-none-eabi/4.9.3/../../../../arm-none-eabi/lib/armv7-m\libc_nano.a(lib_a-strtol.o)
 .ARM.attributes
                0x00000dd3       0x2d c:/gnuarmembedded/bin/../lib/gcc/arm-none-eabi/4.9.3/../../../../arm-none-eabi/lib/armv7-m\libc_nano.a(lib_a-strtoul.o)
 .ARM.attributes
                0x00000e00       0x2d c:/gnuarmembedded/bin/../lib/gcc/arm-none-eabi/4.9.3/../../../../arm-none-eabi/lib/armv7-m\libc_nano.a(lib_a-ungetc.o)
 .ARM.attributes
                0x00000e2d       0x2d c:/gnuarmembedded/bin/../lib/gcc/arm-none-eabi/4.9.3/../../../../arm-none-eabi/lib/armv7-m\libc_nano.a(lib_a-wbuf.o)
 .ARM.attributes
                0x00000e5a       0x2d c:/gnuarmembedded/bin/../lib/gcc/arm-none-eabi/4.9.3/../../../../arm-none-eabi/lib/armv7-m\libc_nano.a(lib_a-writer.o)
 .ARM.attributes
                0x00000e87       0x2d c:/gnuarmembedded/bin/../lib/gcc/arm-none-eabi/4.9.3/../../../../arm-none-eabi/lib/armv7-m\libc_nano.a(lib_a-wsetup.o)
 .ARM.attributes
                0x00000eb4       0x2d c:/gnuarmembedded/bin/../lib/gcc/arm-none-eabi/4.9.3/../../../../arm-none-eabi/lib/armv7-m\libc_nano.a(lib_a-closer.o)
 .ARM.attributes
                0x00000ee1       0x2d c:/gnuarmembedded/bin/../lib/gcc/arm-none-eabi/4.9.3/../../../../arm-none-eabi/lib/armv7-m\libc_nano.a(lib_a-ctype_.o)
 .ARM.attributes
                0x00000f0e       0x2d c:/gnuarmembedded/bin/../lib/gcc/arm-none-eabi/4.9.3/../../../../arm-none-eabi/lib/armv7-m\libc_nano.a(lib_a-dtoa.o)
 .ARM.attributes
                0x00000f3b       0x2d c:/gnuarmembedded/bin/../lib/gcc/arm-none-eabi/4.9.3/../../../../arm-none-eabi/lib/armv7-m\libc_nano.a(lib_a-flags.o)
 .ARM.attributes
                0x00000f68       0x2d c:/gnuarmembedded/bin/../lib/gcc/arm-none-eabi/4.9.3/../../../../arm-none-eabi/lib/armv7-m\libc_nano.a(lib_a-fstatr.o)
 .ARM.attributes
                0x00000f95       0x2d c:/gnuarmembedded/bin/../lib/gcc/arm-none-eabi/4.9.3/../../../../arm-none-eabi/lib/armv7-m\libc_nano.a(lib_a-gdtoa-gethex.o)
 .ARM.attributes
                0x00000fc2       0x2d c:/gnuarmembedded/bin/../lib/gcc/arm-none-eabi/4.9.3/../../../../arm-none-eabi/lib/armv7-m\libc_nano.a(lib_a-gdtoa-hexnan.o)
 .ARM.attributes
                0x00000fef       0x2d c:/gnuarmembedded/bin/../lib/gcc/arm-none-eabi/4.9.3/../../../../arm-none-eabi/lib/armv7-m\libc_nano.a(lib_a-isattyr.o)
 .ARM.attributes
                0x0000101c       0x2d c:/gnuarmembedded/bin/../lib/gcc/arm-none-eabi/4.9.3/../../../../arm-none-eabi/lib/armv7-m\libc_nano.a(lib_a-locale.o)
 .ARM.attributes
                0x00001049       0x2d c:/gnuarmembedded/bin/../lib/gcc/arm-none-eabi/4.9.3/../../../../arm-none-eabi/lib/armv7-m\libc_nano.a(lib_a-lseekr.o)
 .ARM.attributes
                0x00001076       0x2d c:/gnuarmembedded/bin/../lib/gcc/arm-none-eabi/4.9.3/../../../../arm-none-eabi/lib/armv7-m\libc_nano.a(lib_a-memmove.o)
 .ARM.attributes
                0x000010a3       0x2d c:/gnuarmembedded/bin/../lib/gcc/arm-none-eabi/4.9.3/../../../../arm-none-eabi/lib/armv7-m\libc_nano.a(lib_a-mprec.o)
 .ARM.attributes
                0x000010d0       0x2d c:/gnuarmembedded/bin/../lib/gcc/arm-none-eabi/4.9.3/../../../../arm-none-eabi/lib/armv7-m\libc_nano.a(lib_a-nano-callocr.o)
 .ARM.attributes
                0x000010fd       0x2d c:/gnuarmembedded/bin/../lib/gcc/arm-none-eabi/4.9.3/../../../../arm-none-eabi/lib/armv7-m\libc_nano.a(lib_a-nano-reallocr.o)
 .ARM.attributes
                0x0000112a       0x2d c:/gnuarmembedded/bin/../lib/gcc/arm-none-eabi/4.9.3/../../../../arm-none-eabi/lib/armv7-m\libc_nano.a(lib_a-nano-svfprintf.o)
 .ARM.attributes
                0x00001157       0x2d c:/gnuarmembedded/bin/../lib/gcc/arm-none-eabi/4.9.3/../../../../arm-none-eabi/lib/armv7-m\libc_nano.a(lib_a-nano-svfscanf.o)
 .ARM.attributes
                0x00001184       0x2d c:/gnuarmembedded/bin/../lib/gcc/arm-none-eabi/4.9.3/../../../../arm-none-eabi/lib/armv7-m\libc_nano.a(lib_a-readr.o)
 .ARM.attributes
                0x000011b1       0x2d c:/gnuarmembedded/bin/../lib/gcc/arm-none-eabi/4.9.3/../../../../arm-none-eabi/lib/armv7-m\libc_nano.a(lib_a-nano-msizer.o)
 .ARM.attributes
                0x000011de       0x1d c:/gnuarmembedded/bin/../lib/gcc/arm-none-eabi/4.9.3/armv7-m\libgcc.a(_arm_addsubdf3.o)
 .ARM.attributes
                0x000011fb       0x1d c:/gnuarmembedded/bin/../lib/gcc/arm-none-eabi/4.9.3/armv7-m\libgcc.a(_arm_muldivdf3.o)
 .ARM.attributes
                0x00001218       0x1d c:/gnuarmembedded/bin/../lib/gcc/arm-none-eabi/4.9.3/armv7-m\libgcc.a(_arm_cmpdf2.o)
 .ARM.attributes
                0x00001235       0x1d c:/gnuarmembedded/bin/../lib/gcc/arm-none-eabi/4.9.3/armv7-m\libgcc.a(_arm_fixdfsi.o)
 .ARM.attributes
                0x00001252       0x1d c:/gnuarmembedded/bin/../lib/gcc/arm-none-eabi/4.9.3/armv7-m\libgcc.a(_arm_fixunsdfsi.o)
 .ARM.attributes
                0x0000126f       0x1d c:/gnuarmembedded/bin/../lib/gcc/arm-none-eabi/4.9.3/armv7-m\libgcc.a(_arm_truncdfsf2.o)
 .ARM.attributes
                0x0000128c       0x2d c:/gnuarmembedded/bin/../lib/gcc/arm-none-eabi/4.9.3/armv7-m/crtend.o
 .ARM.attributes
                0x000012b9       0x1d c:/gnuarmembedded/bin/../lib/gcc/arm-none-eabi/4.9.3/armv7-m/crtn.o

.comment        0x00000000       0xe0
 .comment       0x00000000       0x70 main.o
                                 0x71 (size before relaxing)
 .comment       0x00000070       0x70 mbed/TARGET_LPC1768/TOOLCHAIN_GCC_ARM/cmsis_nvic.o
                                 0x71 (size before relaxing)
 .comment       0x00000000       0x71 mbed/TARGET_LPC1768/TOOLCHAIN_GCC_ARM/system_LPC17xx.o
 .comment       0x00000000       0x71 mbed/TARGET_LPC1768/TOOLCHAIN_GCC_ARM/board.o
 .comment       0x00000000       0x71 mbed/TARGET_LPC1768/TOOLCHAIN_GCC_ARM/retarget.o
 .comment       0x00000000       0x71 ./mbed/TARGET_LPC1768/TOOLCHAIN_GCC_ARM\libmbed.a(serial_api.o)
 .comment       0x00000000       0x71 ./mbed/TARGET_LPC1768/TOOLCHAIN_GCC_ARM\libmbed.a(FilePath.o)
 .comment       0x00000000       0x71 ./mbed/TARGET_LPC1768/TOOLCHAIN_GCC_ARM\libmbed.a(Serial.o)
 .comment       0x00000000       0x71 ./mbed/TARGET_LPC1768/TOOLCHAIN_GCC_ARM\libmbed.a(SerialBase.o)
 .comment       0x00000000       0x71 ./mbed/TARGET_LPC1768/TOOLCHAIN_GCC_ARM\libmbed.a(Stream.o)
 .comment       0x00000000       0x71 ./mbed/TARGET_LPC1768/TOOLCHAIN_GCC_ARM\libmbed.a(assert.o)
 .comment       0x00000000       0x71 ./mbed/TARGET_LPC1768/TOOLCHAIN_GCC_ARM\libmbed.a(error.o)
 .comment       0x00000000       0x71 ./mbed/TARGET_LPC1768/TOOLCHAIN_GCC_ARM\libmbed.a(gpio.o)
 .comment       0x00000000       0x71 ./mbed/TARGET_LPC1768/TOOLCHAIN_GCC_ARM\libmbed.a(mbed_interface.o)